Component: ARM Compiler 5.06 update 6 (build 750) Tool: armlink [4d35ed]

==============================================================================

Section Cross References

    startup_stm32l072xx.o(RESET) refers to startup_stm32l072xx.o(STACK) for __initial_sp
    startup_stm32l072xx.o(RESET) refers to startup_stm32l072xx.o(.text) for Reset_Handler
    startup_stm32l072xx.o(RESET) refers to stm32l0xx_it.o(i.NMI_Handler) for NMI_Handler
    startup_stm32l072xx.o(RESET) refers to stm32l0xx_it.o(i.HardFault_Handler) for HardFault_Handler
    startup_stm32l072xx.o(RESET) refers to stm32l0xx_it.o(i.SVC_Handler) for SVC_Handler
    startup_stm32l072xx.o(RESET) refers to stm32l0xx_it.o(i.PendSV_Handler) for PendSV_Handler
    startup_stm32l072xx.o(RESET) refers to stm32l0xx_it.o(i.SysTick_Handler) for SysTick_Handler
    startup_stm32l072xx.o(RESET) refers to stm32l0xx_it.o(i.RTC_IRQHandler) for RTC_IRQHandler
    startup_stm32l072xx.o(RESET) refers to stm32l0xx_it.o(i.EXTI2_3_IRQHandler) for EXTI2_3_IRQHandler
    startup_stm32l072xx.o(RESET) refers to stm32l0xx_it.o(i.EXTI4_15_IRQHandler) for EXTI4_15_IRQHandler
    startup_stm32l072xx.o(RESET) refers to stm32l0xx_it.o(i.DMA1_Channel2_3_IRQHandler) for DMA1_Channel2_3_IRQHandler
    startup_stm32l072xx.o(RESET) refers to stm32l0xx_it.o(i.TIM3_IRQHandler) for TIM3_IRQHandler
    startup_stm32l072xx.o(RESET) refers to stm32l0xx_it.o(i.TIM7_IRQHandler) for TIM7_IRQHandler
    startup_stm32l072xx.o(RESET) refers to stm32l0xx_it.o(i.USART2_IRQHandler) for USART2_IRQHandler
    startup_stm32l072xx.o(RESET) refers to stm32l0xx_it.o(i.RNG_LPUART1_IRQHandler) for RNG_LPUART1_IRQHandler
    startup_stm32l072xx.o(.text) refers to system_stm32l0xx.o(i.SystemInit) for SystemInit
    startup_stm32l072xx.o(.text) refers to entry.o(.ARM.Collect$$$$00000000) for __main
    main.o(i.Error_Handler) refers to stm32l0xx_hal_rtc.o(i.HAL_RTC_GetTime) for HAL_RTC_GetTime
    main.o(i.Error_Handler) refers to stm32l0xx_hal_rtc.o(i.HAL_RTC_GetDate) for HAL_RTC_GetDate
    main.o(i.Error_Handler) refers to printfa.o(i.__0printf) for __2printf
    main.o(i.Error_Handler) refers to rtc.o(.bss) for hrtc
    main.o(i.HAL_GPIO_EXTI_Callback) refers to common.o(.data) for sensor
    main.o(i.HAL_RTCEx_AlarmBEventCallback) refers to stm32l0xx_hal_iwdg.o(i.HAL_IWDG_Refresh) for HAL_IWDG_Refresh
    main.o(i.HAL_RTCEx_AlarmBEventCallback) refers to common.o(i.My_AlarmInit) for My_AlarmInit
    main.o(i.HAL_RTCEx_AlarmBEventCallback) refers to common.o(.data) for sys
    main.o(i.HAL_RTCEx_AlarmBEventCallback) refers to iwdg.o(.bss) for hiwdg
    main.o(i.HAL_RTC_AlarmAEventCallback) refers to common.o(.data) for workmodel
    main.o(i.HAL_TIM_PeriodElapsedCallback) refers to common.o(i.ledState) for ledState
    main.o(i.HAL_TIM_PeriodElapsedCallback) refers to stm32l0xx_hal_tim.o(i.HAL_TIM_Base_Stop_IT) for HAL_TIM_Base_Stop_IT
    main.o(i.HAL_TIM_PeriodElapsedCallback) refers to stm32l0xx_hal_rtc.o(i.HAL_RTC_GetTime) for HAL_RTC_GetTime
    main.o(i.HAL_TIM_PeriodElapsedCallback) refers to stm32l0xx_hal_rtc.o(i.HAL_RTC_GetDate) for HAL_RTC_GetDate
    main.o(i.HAL_TIM_PeriodElapsedCallback) refers to printfa.o(i.__0printf) for __2printf
    main.o(i.HAL_TIM_PeriodElapsedCallback) refers to tim.o(.bss) for htim7
    main.o(i.HAL_TIM_PeriodElapsedCallback) refers to common.o(.data) for sys
    main.o(i.HAL_TIM_PeriodElapsedCallback) refers to rtc.o(.bss) for hrtc
    main.o(i.HAL_UART_ErrorCallback) refers to usart.o(i.MX_LPUART1_UART_Init) for MX_LPUART1_UART_Init
    main.o(i.HAL_UART_ErrorCallback) refers to stm32l0xx_hal_uart.o(i.HAL_UART_Receive_DMA) for HAL_UART_Receive_DMA
    main.o(i.HAL_UART_ErrorCallback) refers to usart.o(.bss) for hlpuart1
    main.o(i.HAL_UART_ErrorCallback) refers to common.o(.bss) for uart
    main.o(i.HAL_UART_RxCpltCallback) refers to strcat.o(.text) for strcat
    main.o(i.HAL_UART_RxCpltCallback) refers to strstr.o(.text) for strstr
    main.o(i.HAL_UART_RxCpltCallback) refers to strlen.o(.text) for strlen
    main.o(i.HAL_UART_RxCpltCallback) refers to stm32l0xx_hal_rtc.o(i.HAL_RTC_GetTime) for HAL_RTC_GetTime
    main.o(i.HAL_UART_RxCpltCallback) refers to stm32l0xx_hal_rtc.o(i.HAL_RTC_GetDate) for HAL_RTC_GetDate
    main.o(i.HAL_UART_RxCpltCallback) refers to printfa.o(i.__0printf) for __2printf
    main.o(i.HAL_UART_RxCpltCallback) refers to strrchr.o(.text) for strrchr
    main.o(i.HAL_UART_RxCpltCallback) refers to printfa.o(i.__0sprintf) for __2sprintf
    main.o(i.HAL_UART_RxCpltCallback) refers to stm32l0xx_hal_uart.o(i.HAL_UART_Receive_DMA) for HAL_UART_Receive_DMA
    main.o(i.HAL_UART_RxCpltCallback) refers to main.o(i.My_UART_RxCpltCallback) for My_UART_RxCpltCallback
    main.o(i.HAL_UART_RxCpltCallback) refers to stm32l0xx_hal_tim.o(i.HAL_TIM_Base_Start_IT) for HAL_TIM_Base_Start_IT
    main.o(i.HAL_UART_RxCpltCallback) refers to stm32l0xx_hal_uart.o(i.HAL_UART_Receive_IT) for HAL_UART_Receive_IT
[...]
    .constdata                               0x0800a508   Section        8  coap_get.o(.constdata)
    .constdata                               0x0800a510   Section        8  coap_put.o(.constdata)
    .constdata                               0x0800a518   Section       25  system_stm32l0xx.o(.constdata)
    .constdata                               0x0800a531   Section        8  system_stm32l0xx.o(.constdata)
    .constdata                               0x0800a539   Section      129  ctype_o.o(.constdata)
    .constdata                               0x0800a5bc   Section        4  ctype_o.o(.constdata)
    table                                    0x0800a5bc   Data           4  ctype_o.o(.constdata)
    .conststring                             0x0800a5c0   Section      103  main.o(.conststring)
    .conststring                             0x0800a628   Section      861  at.o(.conststring)
    .conststring                             0x0800a988   Section       93  common.o(.conststring)
    .conststring                             0x0800a9e8   Section      101  nbiot_portsend.o(.conststring)
    .data                                    0x20000000   Section        1  at.o(.data)
    keep                                     0x20000000   Data           1  at.o(.data)
    .data                                    0x20000004   Section      100  common.o(.data)
    nrbNUM                                   0x20000004   Data           1  common.o(.data)
    num                                      0x20000008   Data           4  common.o(.data)
    .data                                    0x20000068   Section        8  flash.o(.data)
    .data                                    0x20000070   Section       12  weight.o(.data)
    .data                                    0x2000007c   Section        4  stm32l0xx_hal.o(.data)
    .data                                    0x20000080   Section        4  system_stm32l0xx.o(.data)
    .data                                    0x20000084   Section        4  stdout.o(.data)
    .data                                    0x20000088   Section        4  mvars.o(.data)
    .data                                    0x2000008c   Section        4  mvars.o(.data)
    .data                                    0x20000090   Section        4  errno.o(.data)
    _errno                                   0x20000090   Data           4  errno.o(.data)
    .bss                                     0x20000094   Section       92  adc.o(.bss)
    .bss                                     0x200000f0   Section       76  i2c.o(.bss)
    .bss                                     0x2000013c   Section       16  iwdg.o(.bss)
    .bss                                     0x2000014c   Section      400  usart.o(.bss)
    .bss                                     0x200002dc   Section       36  rtc.o(.bss)
    .bss                                     0x20000300   Section      180  tim.o(.bss)
    .bss                                     0x200003b4   Section      312  common.o(.bss)
    .bss                                     0x200004ec   Section       12  flash.o(.bss)
    EraseInitStruct                          0x200004ec   Data          12  flash.o(.bss)
    .bss                                     0x200004f8   Section       24  stm32l0xx_hal_flash.o(.bss)
    HEAP                                     0x20000510   Section      512  startup_stm32l072xx.o(HEAP)
    STACK                                    0x20000710   Section     1024  startup_stm32l072xx.o(STACK)

    Global Symbols

    Symbol Name                              Value     Ov Type        Size  Object(Section)

    BuildAttributes$$THM_ISAv3M$S$PE$A:L22$X:L11$S22$IEEE1$IW$USESV6$~STKCKD$USESV7$~SHL$OTIME$ROPI$EBA8$MICROLIB$REQ8$PRES8$EABIv2 0x00000000   Number         0  anon$$obj.o ABSOLUTE
    __ARM_use_no_argv                        0x00000000   Number         0  main.o ABSOLUTE
    _printf_a                                0x00000000   Number         0  stubs.o ABSOLUTE
    _printf_c                                0x00000000   Number         0  stubs.o ABSOLUTE
    _printf_charcount                        0x00000000   Number         0  stubs.o ABSOLUTE
    _printf_d                                0x00000000   Number         0  stubs.o ABSOLUTE
    _printf_e                                0x00000000   Number         0  stubs.o ABSOLUTE
    _printf_f                                0x00000000   Number         0  stubs.o ABSOLUTE
    _printf_flags                            0x00000000   Number         0  stubs.o ABSOLUTE
    _printf_fp_dec                           0x00000000   Number         0  stubs.o ABSOLUTE
    _printf_fp_hex                           0x00000000   Number         0  stubs.o ABSOLUTE
    _printf_g                                0x00000000   Number         0  stubs.o ABSOLUTE
    _printf_i                                0x00000000   Number         0  stubs.o ABSOLUTE
    _printf_int_dec                          0x00000000   Number         0  stubs.o ABSOLUTE
    _printf_l                                0x00000000   Number         0  stubs.o ABSOLUTE
    _printf_lc                               0x00000000   Number         0  stubs.o ABSOLUTE
    _printf_ll                               0x00000000   Number         0  stubs.o ABSOLUTE
    _printf_lld                              0x00000000   Number         0  stubs.o ABSOLUTE
    _printf_lli                              0x00000000   Number         0  stubs.o ABSOLUTE
    _printf_llo                              0x00000000   Number         0  stubs.o ABSOLUTE
    _printf_llu                              0x00000000   Number         0  stubs.o ABSOLUTE
    _printf_llx                              0x00000000   Number         0  stubs.o ABSOLUTE
    _printf_longlong_dec                     0x00000000   Number         0  stubs.o ABSOLUTE
    _printf_longlong_hex                     0x00000000   Number         0  stubs.o ABSOLUTE
    _printf_longlong_oct                     0x00000000   Number         0  stubs.o ABSOLUTE
    _printf_ls                               0x00000000   Number         0  stubs.o ABSOLUTE
    _printf_mbtowc                           0x00000000   Number         0  stubs.o ABSOLUTE
    _printf_n                                0x00000000   Number         0  stubs.o ABSOLUTE
    _printf_o                                0x00000000   Number         0  stubs.o ABSOLUTE
    _printf_p                                0x00000000   Number         0  stubs.o ABSOLUTE
    _printf_percent                          0x00000000   Number         0  stubs.o ABSOLUTE
    _printf_pre_padding                      0x00000000   Number         0  stubs.o ABSOLUTE
    _printf_return_value                     0x00000000   Number         0  stubs.o ABSOLUTE
    _printf_s                                0x00000000   Number         0  stubs.o ABSOLUTE
    _printf_sizespec                         0x00000000   Number         0  stubs.o ABSOLUTE
    _printf_str                              0x00000000   Number         0  stubs.o ABSOLUTE
    _printf_truncate_signed                  0x00000000   Number         0  stubs.o ABSOLUTE
    _printf_truncate_unsigned                0x00000000   Number         0  stubs.o ABSOLUTE
    _printf_u                                0x00000000   Number         0  stubs.o ABSOLUTE
    _printf_wc                               0x00000000   Number         0  stubs.o ABSOLUTE
    _printf_wctomb                           0x00000000   Number         0  stubs.o ABSOLUTE
    _printf_widthprec                        0x00000000   Number         0  stubs.o ABSOLUTE
    _printf_x                                0x00000000   Number         0  stubs.o ABSOLUTE
    __cpp_initialize__aeabi_                  - Undefined Weak Reference
    __cxa_finalize                            - Undefined Weak Reference
    __decompress                              - Undefined Weak Reference
    _clock_init                               - Undefined Weak Reference
    _microlib_exit                            - Undefined Weak Reference
    __Vectors_Size                           0x000000c0   Number         0  startup_stm32l072xx.o ABSOLUTE
    __Vectors                                0x08000000   Data           4  startup_stm32l072xx.o(RESET)
    __Vectors_End                            0x080000c0   Data           0  startup_stm32l072xx.o(RESET)
    __main                                   0x080000c1   Thumb Code     0  entry.o(.ARM.Collect$$$$00000000)
    _main_stk                                0x080000c1   Thumb Code     0  entry2.o(.ARM.Collect$$$$00000001)
    _main_scatterload                        0x080000c5   Thumb Code     0  entry5.o(.ARM.Collect$$$$00000004)
    __main_after_scatterload                 0x080000c9   Thumb Code     0  entry5.o(.ARM.Collect$$$$00000004)
    _main_clock                              0x080000c9   Thumb Code     0  entry7b.o(.ARM.Collect$$$$00000008)
    _main_cpp_init                           0x080000c9   Thumb Code     0  entry8b.o(.ARM.Collect$$$$0000000A)
    _main_init                               0x080000c9   Thumb Code     0  entry9a.o(.ARM.Collect$$$$0000000B)
    __rt_final_cpp                           0x080000d1   Thumb Code     0  entry10a.o(.ARM.Collect$$$$0000000D)
    __rt_final_exit                          0x080000d1   Thumb Code     0  entry11a.o(.ARM.Collect$$$$0000000F)
    Reset_Handler                            0x080000d5   Thumb Code     8  startup_stm32l072xx.o(.text)
    ADC1_COMP_IRQHandler                     0x080000e7   Thumb Code     0  startup_stm32l072xx.o(.text)
    DMA1_Channel1_IRQHandler                 0x080000e7   Thumb Code     0  startup_stm32l072xx.o(.text)
    DMA1_Channel4_5_6_7_IRQHandler           0x080000e7   Thumb Code     0  startup_stm32l072xx.o(.text)
    EXTI0_1_IRQHandler                       0x080000e7   Thumb Code     0  startup_stm32l072xx.o(.text)
    FLASH_IRQHandler                         0x080000e7   Thumb Code     0  startup_stm32l072xx.o(.text)
    I2C1_IRQHandler                          0x080000e7   Thumb Code     0  startup_stm32l072xx.o(.text)
    I2C2_IRQHandler                          0x080000e7   Thumb Code     0  startup_stm32l072xx.o(.text)
    I2C3_IRQHandler                          0x080000e7   Thumb Code     0  startup_stm32l072xx.o(.text)
    LPTIM1_IRQHandler                        0x080000e7   Thumb Code     0  startup_stm32l072xx.o(.text)
    PVD_IRQHandler                           0x080000e7   Thumb Code     0  startup_stm32l072xx.o(.text)
    RCC_CRS_IRQHandler                       0x080000e7   Thumb Code     0  startup_stm32l072xx.o(.text)
    SPI1_IRQHandler                          0x080000e7   Thumb Code     0  startup_stm32l072xx.o(.text)
    SPI2_IRQHandler                          0x080000e7   Thumb Code     0  startup_stm32l072xx.o(.text)
    TIM21_IRQHandler                         0x080000e7   Thumb Code     0  startup_stm32l072xx.o(.text)
    TIM22_IRQHandler                         0x080000e7   Thumb Code     0  startup_stm32l072xx.o(.text)
    TIM2_IRQHandler                          0x080000e7   Thumb Code     0  startup_stm32l072xx.o(.text)
    TIM6_DAC_IRQHandler                      0x080000e7   Thumb Code     0  startup_stm32l072xx.o(.text)
    TSC_IRQHandler                           0x080000e7   Thumb Code     0  startup_stm32l072xx.o(.text)
    USART1_IRQHandler                        0x080000e7   Thumb Code     0  startup_stm32l072xx.o(.text)
    USART4_5_IRQHandler                      0x080000e7   Thumb Code     0  startup_stm32l072xx.o(.text)
    USB_IRQHandler                           0x080000e7   Thumb Code     0  startup_stm32l072xx.o(.text)
    WWDG_IRQHandler                          0x080000e7   Thumb Code     0  startup_stm32l072xx.o(.text)
    __aeabi_uidiv                            0x080000f1   Thumb Code     0  uidiv.o(.text)
    __aeabi_uidivmod                         0x080000f1   Thumb Code    44  uidiv.o(.text)
    __aeabi_idiv                             0x0800011d   Thumb Code     0  idiv.o(.text)
    __aeabi_idivmod                          0x0800011d   Thumb Code    40  idiv.o(.text)
    __aeabi_uldivmod                         0x08000145   Thumb Code    96  uldiv.o(.text)
    __rt_ctype_table                         0x080001a5   Thumb Code     4  ctype_o.o(.text)
    toupper                                  0x080001ad   Thumb Code    12  toupper.o(.text)
    tolower                                  0x080001b9   Thumb Code    12  tolower.o(.text)
    __aeabi_memcpy                           0x080001c5   Thumb Code    36  memcpya.o(.text)
    __aeabi_memcpy4                          0x080001c5   Thumb Code     0  memcpya.o(.text)
    __aeabi_memcpy8                          0x080001c5   Thumb Code     0  memcpya.o(.text)
    __aeabi_memset                           0x080001e9   Thumb Code    14  memseta.o(.text)
    __aeabi_memset4                          0x080001e9   Thumb Code     0  memseta.o(.text)
    __aeabi_memset8                          0x080001e9   Thumb Code     0  memseta.o(.text)
    __aeabi_memclr                           0x080001f7   Thumb Code     4  memseta.o(.text)
    __aeabi_memclr4                          0x080001f7   Thumb Code     0  memseta.o(.text)
    __aeabi_memclr8                          0x080001f7   Thumb Code     0  memseta.o(.text)
    _memset$wrapper                          0x080001fb   Thumb Code    18  memseta.o(.text)
    strcat                                   0x0800020d   Thumb Code    24  strcat.o(.text)
    strstr                                   0x08000225   Thumb Code    40  strstr.o(.text)
    strncpy                                  0x0800024d   Thumb Code    26  strncpy.o(.text)
    strchr                                   0x08000267   Thumb Code    20  strchr.o(.text)
    strlen                                   0x0800027b   Thumb Code    14  strlen.o(.text)
    strcmp                                   0x08000289   Thumb Code    28  strcmp.o(.text)
    strrchr                                  0x080002a5   Thumb Code    32  strrchr.o(.text)
    atoi                                     0x080002c5   Thumb Code    26  atoi.o(.text)
    __aeabi_fadd                             0x080002df   Thumb Code   162  fadd.o(.text)
    __aeabi_fsub                             0x08000381   Thumb Code     8  fadd.o(.text)
    __aeabi_frsub                            0x08000389   Thumb Code     8  fadd.o(.text)
    __aeabi_fmul                             0x08000391   Thumb Code   122  fmul.o(.text)
    __aeabi_fdiv                             0x0800040b   Thumb Code   124  fdiv.o(.text)
    __aeabi_dadd                             0x08000489   Thumb Code   328  dadd.o(.text)
    __aeabi_dsub                             0x080005d1   Thumb Code    12  dadd.o(.text)
    __aeabi_drsub                            0x080005dd   Thumb Code    12  dadd.o(.text)
    __aeabi_dmul                             0x080005ed   Thumb Code   202  dmul.o(.text)
    __aeabi_ddiv                             0x080006bd   Thumb Code   234  ddiv.o(.text)
    __ARM_scalbn                             0x080007ad   Thumb Code    44  dscalb.o(.text)
    scalbn                                   0x080007ad   Thumb Code     0  dscalb.o(.text)
    __aeabi_i2f                              0x080007d9   Thumb Code    22  fflti.o(.text)
    __aeabi_ui2f                             0x080007ef   Thumb Code    14  ffltui.o(.text)
    __aeabi_i2d                              0x080007fd   Thumb Code    34  dflti.o(.text)
    __aeabi_ui2d                             0x08000825   Thumb Code    24  dfltui.o(.text)
    __aeabi_f2iz                             0x08000841   Thumb Code    50  ffixi.o(.text)
    __aeabi_f2uiz                            0x08000873   Thumb Code    40  ffixui.o(.text)
    __aeabi_f2d                              0x0800089b   Thumb Code    40  f2d.o(.text)
    __aeabi_d2f                              0x080008c3   Thumb Code    56  d2f.o(.text)
    __aeabi_llsl                             0x080008fb   Thumb Code    32  llshl.o(.text)
    _ll_shift_l                              0x080008fb   Thumb Code     0  llshl.o(.text)
    __aeabi_llsr                             0x0800091b   Thumb Code    34  llushr.o(.text)
    _ll_ushift_r                             0x0800091b   Thumb Code     0  llushr.o(.text)
    __aeabi_lasr                             0x0800093d   Thumb Code    38  llsshr.o(.text)
    _ll_sshift_r                             0x0800093d   Thumb Code     0  llsshr.o(.text)
    strtol                                   0x08000965   Thumb Code   108  strtol.o(.text)
    __I$use$fp                               0x080009d5   Thumb Code     0  iusefp.o(.text)
    _float_round                             0x080009d5   Thumb Code    16  fepilogue.o(.text)
    _float_epilogue                          0x080009e5   Thumb Code   114  fepilogue.o(.text)
    _double_round                            0x08000a57   Thumb Code    26  depilogue.o(.text)
    _double_epilogue                         0x08000a71   Thumb Code   164  depilogue.o(.text)
    __aeabi_d2ulz                            0x08000b15   Thumb Code    54  dfixul.o(.text)
    __aeabi_cdrcmple                         0x08000b55   Thumb Code    38  cdrcmple.o(.text)
    __scatterload                            0x08000b7d   Thumb Code    28  init.o(.text)
    __scatterload_rt2                        0x08000b7d   Thumb Code     0  init.o(.text)
    _strtoul                                 0x08000ba1   Thumb Code   166  _strtoul.o(.text)
    _chval                                   0x08000c47   Thumb Code    30  _chval.o(.text)
    ADCModel                                 0x08000c65   Thumb Code   260  common.o(i.ADCModel)
    ATInsPro                                 0x08000e69   Thumb Code   346  at.o(i.ATInsPro)
    DMA1_Channel2_3_IRQHandler               0x08001015   Thumb Code    16  stm32l0xx_it.o(i.DMA1_Channel2_3_IRQHandler)
    DS18B20_GetTemp_SkipRom                  0x08001059   Thumb Code   226  ds18b20.o(i.DS18B20_GetTemp_SkipRom)
    DS18B20_Mode_IPU                         0x08001191   Thumb Code   106  ds18b20.o(i.DS18B20_Mode_IPU)
    DS18B20_Mode_Out_PP                      0x08001205   Thumb Code   104  ds18b20.o(i.DS18B20_Mode_Out_PP)
    DS18B20_Presence                         0x08001275   Thumb Code   260  ds18b20.o(i.DS18B20_Presence)
    DS18B20_ReadBit                          0x0800137d   Thumb Code   146  ds18b20.o(i.DS18B20_ReadBit)
    DS18B20_ReadByte                         0x08001415   Thumb Code    32  ds18b20.o(i.DS18B20_ReadByte)
    DS18B20_Rst                              0x08001435   Thumb Code   106  ds18b20.o(i.DS18B20_Rst)
    DS18B20_SkipRom                          0x080014a9   Thumb Code    24  ds18b20.o(i.DS18B20_SkipRom)
    DS18B20_WriteByte                        0x080014c1   Thumb Code   302  ds18b20.o(i.DS18B20_WriteByte)
    DS18B20_delay                            0x080015f5   Thumb Code    22  ds18b20.o(i.DS18B20_delay)
    EXTI2_3_IRQHandler                       0x0800160b   Thumb Code    10  stm32l0xx_it.o(i.EXTI2_3_IRQHandler)
    EXTI4_15_IRQHandler                      0x08001615   Thumb Code    12  stm32l0xx_it.o(i.EXTI4_15_IRQHandler)
    EX_GPIO_Init                             0x08001621   Thumb Code   114  common.o(i.EX_GPIO_Init)
    Error_Handler                            0x080016a9   Thumb Code    62  main.o(i.Error_Handler)
    FLASH_PageErase                          0x0800171d   Thumb Code    34  stm32l0xx_hal_flash_ex.o(i.FLASH_PageErase)
    FLASH_WaitForLastOperation               0x080017d9   Thumb Code   106  stm32l0xx_hal_flash.o(i.FLASH_WaitForLastOperation)
    GPIO_ULT_INPUT_Init                      0x08001849   Thumb Code    58  ultrasound.o(i.GPIO_ULT_INPUT_Init)
    GPIO_ULT_OUTPUT_Init                     0x08001889   Thumb Code    54  ultrasound.o(i.GPIO_ULT_OUTPUT_Init)
    GetMsg                                   0x080018c9   Thumb Code   388  coap_get.o(i.GetMsg)
    Get_Maopi                                0x08001a69   Thumb Code    12  weight.o(i.Get_Maopi)
    Get_Weight                               0x08001a79   Thumb Code    54  weight.o(i.Get_Weight)
    HAL_ADCEx_Calibration_Start              0x08001ac1   Thumb Code   170  stm32l0xx_hal_adc_ex.o(i.HAL_ADCEx_Calibration_Start)
    HAL_ADC_ConfigChannel                    0x08001b6d   Thumb Code   140  stm32l0xx_hal_adc.o(i.HAL_ADC_ConfigChannel)
    HAL_ADC_GetValue                         0x08001c01   Thumb Code     6  stm32l0xx_hal_adc.o(i.HAL_ADC_GetValue)
    HAL_ADC_Init                             0x08001c09   Thumb Code   446  stm32l0xx_hal_adc.o(i.HAL_ADC_Init)
    HAL_ADC_MspInit                          0x08001dd1   Thumb Code    72  adc.o(i.HAL_ADC_MspInit)
    HAL_ADC_PollForConversion                0x08001e21   Thumb Code   192  stm32l0xx_hal_adc.o(i.HAL_ADC_PollForConversion)
    HAL_ADC_Start                            0x08001ee1   Thumb Code    86  stm32l0xx_hal_adc.o(i.HAL_ADC_Start)
    HAL_DMA_Abort_IT                         0x08001f3d   Thumb Code    76  stm32l0xx_hal_dma.o(i.HAL_DMA_Abort_IT)
    HAL_DMA_IRQHandler                       0x08001f89   Thumb Code   168  stm32l0xx_hal_dma.o(i.HAL_DMA_IRQHandler)
    HAL_DMA_Init                             0x08002031   Thumb Code   132  stm32l0xx_hal_dma.o(i.HAL_DMA_Init)
    HAL_DMA_Start_IT                         0x080020c1   Thumb Code   104  stm32l0xx_hal_dma.o(i.HAL_DMA_Start_IT)
    HAL_Delay                                0x08002129   Thumb Code    28  stm32l0xx_hal.o(i.HAL_Delay)
    HAL_FLASHEx_Erase                        0x08002145   Thumb Code   106  stm32l0xx_hal_flash_ex.o(i.HAL_FLASHEx_Erase)
    HAL_FLASH_Lock                           0x080021bd   Thumb Code    22  stm32l0xx_hal_flash.o(i.HAL_FLASH_Lock)
    HAL_FLASH_Program                        0x080021d9   Thumb Code    50  stm32l0xx_hal_flash.o(i.HAL_FLASH_Program)
    HAL_FLASH_Unlock                         0x08002215   Thumb Code    70  stm32l0xx_hal_flash.o(i.HAL_FLASH_Unlock)
    HAL_GPIO_EXTI_Callback                   0x08002271   Thumb Code    50  main.o(i.HAL_GPIO_EXTI_Callback)
    HAL_GPIO_EXTI_IRQHandler                 0x080022b5   Thumb Code    18  stm32l0xx_hal_gpio.o(i.HAL_GPIO_EXTI_IRQHandler)
    HAL_GPIO_Init                            0x080022cd   Thumb Code   356  stm32l0xx_hal_gpio.o(i.HAL_GPIO_Init)
    HAL_GPIO_ReadPin                         0x08002451   Thumb Code    10  stm32l0xx_hal_gpio.o(i.HAL_GPIO_ReadPin)
    HAL_GPIO_WritePin                        0x0800245b   Thumb Code    12  stm32l0xx_hal_gpio.o(i.HAL_GPIO_WritePin)
    HAL_GetTick                              0x08002469   Thumb Code     6  stm32l0xx_hal.o(i.HAL_GetTick)
    HAL_I2CEx_ConfigAnalogFilter             0x08002475   Thumb Code    74  stm32l0xx_hal_i2c_ex.o(i.HAL_I2CEx_ConfigAnalogFilter)
    HAL_I2CEx_ConfigDigitalFilter            0x080024bf   Thumb Code    72  stm32l0xx_hal_i2c_ex.o(i.HAL_I2CEx_ConfigDigitalFilter)
    HAL_I2C_GetError                         0x08002507   Thumb Code     4  stm32l0xx_hal_i2c.o(i.HAL_I2C_GetError)
    HAL_I2C_Init                             0x0800250d   Thumb Code   176  stm32l0xx_hal_i2c.o(i.HAL_I2C_Init)
    HAL_I2C_Master_Receive                   0x080025c1   Thumb Code   262  stm32l0xx_hal_i2c.o(i.HAL_I2C_Master_Receive)
    HAL_I2C_Master_Transmit                  0x080026d1   Thumb Code   262  stm32l0xx_hal_i2c.o(i.HAL_I2C_Master_Transmit)
    HAL_I2C_Mem_Read                         0x080027e1   Thumb Code   332  stm32l0xx_hal_i2c.o(i.HAL_I2C_Mem_Read)
    HAL_I2C_Mem_Write                        0x08002935   Thumb Code   326  stm32l0xx_hal_i2c.o(i.HAL_I2C_Mem_Write)
    HAL_I2C_MspInit                          0x08002a81   Thumb Code    78  i2c.o(i.HAL_I2C_MspInit)
    HAL_IWDG_Init                            0x08002add   Thumb Code    86  stm32l0xx_hal_iwdg.o(i.HAL_IWDG_Init)
    HAL_IWDG_Refresh                         0x08002b41   Thumb Code    10  stm32l0xx_hal_iwdg.o(i.HAL_IWDG_Refresh)
    HAL_IncTick                              0x08002b51   Thumb Code    10  stm32l0xx_hal.o(i.HAL_IncTick)
    HAL_Init                                 0x08002b61   Thumb Code    36  stm32l0xx_hal.o(i.HAL_Init)
    HAL_InitTick                             0x08002b89   Thumb Code    44  stm32l0xx_hal.o(i.HAL_InitTick)
    HAL_MspInit                              0x08002bb9   Thumb Code    20  stm32l0xx_hal_msp.o(i.HAL_MspInit)
    HAL_NVIC_EnableIRQ                       0x08002bd1   Thumb Code    14  stm32l0xx_hal_cortex.o(i.HAL_NVIC_EnableIRQ)
    HAL_NVIC_SetPriority                     0x08002be5   Thumb Code     8  stm32l0xx_hal_cortex.o(i.HAL_NVIC_SetPriority)
    HAL_PWREx_EnableFastWakeUp               0x08002bed   Thumb Code    12  stm32l0xx_hal_pwr_ex.o(i.HAL_PWREx_EnableFastWakeUp)
    HAL_PWREx_EnableUltraLowPower            0x08002bfd   Thumb Code    12  stm32l0xx_hal_pwr_ex.o(i.HAL_PWREx_EnableUltraLowPower)
    HAL_PWR_EnableBkUpAccess                 0x08002c0d   Thumb Code    12  stm32l0xx_hal_pwr.o(i.HAL_PWR_EnableBkUpAccess)
    HAL_PWR_EnterSTOPMode                    0x08002c1d   Thumb Code    44  stm32l0xx_hal_pwr.o(i.HAL_PWR_EnterSTOPMode)
    HAL_RCCEx_PeriphCLKConfig                0x08002c51   Thumb Code   382  stm32l0xx_hal_rcc_ex.o(i.HAL_RCCEx_PeriphCLKConfig)
    HAL_RCC_ClockConfig                      0x08002ddd   Thumb Code   344  stm32l0xx_hal_rcc.o(i.HAL_RCC_ClockConfig)
    HAL_RCC_GetPCLK1Freq                     0x08002f49   Thumb Code    20  stm32l0xx_hal_rcc.o(i.HAL_RCC_GetPCLK1Freq)
    HAL_RCC_GetPCLK2Freq                     0x08002f69   Thumb Code    20  stm32l0xx_hal_rcc.o(i.HAL_RCC_GetPCLK2Freq)
    HAL_RCC_GetSysClockFreq                  0x08002f89   Thumb Code   100  stm32l0xx_hal_rcc.o(i.HAL_RCC_GetSysClockFreq)
    HAL_RCC_OscConfig                        0x08003001   Thumb Code  1174  stm32l0xx_hal_rcc.o(i.HAL_RCC_OscConfig)
    HAL_RTCEx_AlarmBEventCallback            0x08003499   Thumb Code    26  main.o(i.HAL_RTCEx_AlarmBEventCallback)
    HAL_RTC_AlarmAEventCallback              0x080034bd   Thumb Code    22  main.o(i.HAL_RTC_AlarmAEventCallback)
    HAL_RTC_AlarmIRQHandler                  0x080034dd   Thumb Code    88  stm32l0xx_hal_rtc.o(i.HAL_RTC_AlarmIRQHandler)
    HAL_RTC_DeactivateAlarm                  0x0800353d   Thumb Code   184  stm32l0xx_hal_rtc.o(i.HAL_RTC_DeactivateAlarm)
    HAL_RTC_GetDate                          0x080035f5   Thumb Code    68  stm32l0xx_hal_rtc.o(i.HAL_RTC_GetDate)
    HAL_RTC_GetTime                          0x08003639   Thumb Code    88  stm32l0xx_hal_rtc.o(i.HAL_RTC_GetTime)
    HAL_RTC_Init                             0x08003695   Thumb Code   184  stm32l0xx_hal_rtc.o(i.HAL_RTC_Init)
    HAL_RTC_MspInit                          0x08003751   Thumb Code    40  rtc.o(i.HAL_RTC_MspInit)
    HAL_RTC_SetAlarm_IT                      0x08003781   Thumb Code   390  stm32l0xx_hal_rtc.o(i.HAL_RTC_SetAlarm_IT)
    HAL_RTC_SetDate                          0x08003911   Thumb Code   190  stm32l0xx_hal_rtc.o(i.HAL_RTC_SetDate)
    HAL_RTC_SetTime                          0x080039d5   Thumb Code   228  stm32l0xx_hal_rtc.o(i.HAL_RTC_SetTime)
    HAL_RTC_WaitForSynchro                   0x08003abd   Thumb Code    52  stm32l0xx_hal_rtc.o(i.HAL_RTC_WaitForSynchro)
    HAL_ResumeTick                           0x08003af1   Thumb Code    12  stm32l0xx_hal.o(i.HAL_ResumeTick)
    HAL_SYSTICK_Config                       0x08003b01   Thumb Code    38  stm32l0xx_hal_cortex.o(i.HAL_SYSTICK_Config)
    HAL_SuspendTick                          0x08003b31   Thumb Code    12  stm32l0xx_hal.o(i.HAL_SuspendTick)
    HAL_TIMEx_MasterConfigSynchronization    0x08003b41   Thumb Code    60  stm32l0xx_hal_tim_ex.o(i.HAL_TIMEx_MasterConfigSynchronization)
    HAL_TIM_Base_Init                        0x08003b7d   Thumb Code    52  stm32l0xx_hal_tim.o(i.HAL_TIM_Base_Init)
    HAL_TIM_Base_MspInit                     0x08003bb1   Thumb Code    84  tim.o(i.HAL_TIM_Base_MspInit)
    HAL_TIM_Base_Start_IT                    0x08003c11   Thumb Code    32  stm32l0xx_hal_tim.o(i.HAL_TIM_Base_Start_IT)
    HAL_TIM_Base_Stop_IT                     0x08003c31   Thumb Code    32  stm32l0xx_hal_tim.o(i.HAL_TIM_Base_Stop_IT)
    HAL_TIM_ConfigClockSource                0x08003c55   Thumb Code   208  stm32l0xx_hal_tim.o(i.HAL_TIM_ConfigClockSource)
    HAL_TIM_IC_CaptureCallback               0x08003d25   Thumb Code     2  stm32l0xx_hal_tim.o(i.HAL_TIM_IC_CaptureCallback)
    HAL_TIM_IRQHandler                       0x08003d27   Thumb Code   294  stm32l0xx_hal_tim.o(i.HAL_TIM_IRQHandler)
    HAL_TIM_OC_DelayElapsedCallback          0x08003e4d   Thumb Code     2  stm32l0xx_hal_tim.o(i.HAL_TIM_OC_DelayElapsedCallback)
    HAL_TIM_PWM_PulseFinishedCallback        0x08003e4f   Thumb Code     2  stm32l0xx_hal_tim.o(i.HAL_TIM_PWM_PulseFinishedCallback)
    HAL_TIM_PeriodElapsedCallback            0x08003e51   Thumb Code   188  main.o(i.HAL_TIM_PeriodElapsedCallback)
    HAL_TIM_TriggerCallback                  0x08003f69   Thumb Code     2  stm32l0xx_hal_tim.o(i.HAL_TIM_TriggerCallback)
    HAL_UARTEx_WakeupCallback                0x08003f6b   Thumb Code     2  stm32l0xx_hal_uart_ex.o(i.HAL_UARTEx_WakeupCallback)
    HAL_UART_ErrorCallback                   0x08003f6d   Thumb Code    88  main.o(i.HAL_UART_ErrorCallback)
    HAL_UART_IRQHandler                      0x08003fcd   Thumb Code   310  stm32l0xx_hal_uart.o(i.HAL_UART_IRQHandler)
    HAL_UART_Init                            0x08004109   Thumb Code   106  stm32l0xx_hal_uart.o(i.HAL_UART_Init)
    HAL_UART_MspInit                         0x08004175   Thumb Code   252  usart.o(i.HAL_UART_MspInit)
    HAL_UART_Receive_DMA                     0x08004289   Thumb Code   170  stm32l0xx_hal_uart.o(i.HAL_UART_Receive_DMA)
    HAL_UART_Receive_IT                      0x08004341   Thumb Code   182  stm32l0xx_hal_uart.o(i.HAL_UART_Receive_IT)
    HAL_UART_RxCpltCallback                  0x08004405   Thumb Code   356  main.o(i.HAL_UART_RxCpltCallback)
    HAL_UART_RxHalfCpltCallback              0x080045c5   Thumb Code     2  stm32l0xx_hal_uart.o(i.HAL_UART_RxHalfCpltCallback)
    HAL_UART_Transmit                        0x080045c7   Thumb Code   206  stm32l0xx_hal_uart.o(i.HAL_UART_Transmit)
    HAL_UART_Transmit_DMA                    0x08004695   Thumb Code   158  stm32l0xx_hal_uart.o(i.HAL_UART_Transmit_DMA)
    HAL_UART_TxCpltCallback                  0x08004741   Thumb Code     2  stm32l0xx_hal_uart.o(i.HAL_UART_TxCpltCallback)
    HAL_UART_TxHalfCpltCallback              0x08004743   Thumb Code     2  stm32l0xx_hal_uart.o(i.HAL_UART_TxHalfCpltCallback)
    HW_AdcReadChannel                        0x08004745   Thumb Code   112  battery.o(i.HW_AdcReadChannel)
    HW_GPIO_Init                             0x080047c9   Thumb Code    80  weight.o(i.HW_GPIO_Init)
    HX711_Read                               0x0800481d   Thumb Code   122  weight.o(i.HX711_Read)
    HardFault_Handler                        0x0800489d   Thumb Code     2  stm32l0xx_it.o(i.HardFault_Handler)
    LidarLite                                0x08004b85   Thumb Code   292  lidar.o(i.LidarLite)
    MX_ADC_Init                              0x08004d35   Thumb Code   158  adc.o(i.MX_ADC_Init)
    MX_DMA_Init                              0x08004de9   Thumb Code    36  dma.o(i.MX_DMA_Init)
    MX_GPIO_Init                             0x08004e11   Thumb Code   172  gpio.o(i.MX_GPIO_Init)
    MX_I2C1_Init                             0x08004ed9   Thumb Code    76  i2c.o(i.MX_I2C1_Init)
    MX_IWDG_Init                             0x08004f31   Thumb Code    32  iwdg.o(i.MX_IWDG_Init)
    MX_LPUART1_UART_Init                     0x08004f5d   Thumb Code    46  usart.o(i.MX_LPUART1_UART_Init)
    MX_RTC_Init                              0x08004f95   Thumb Code   116  rtc.o(i.MX_RTC_Init)
    MX_TIM2_Init                             0x08005011   Thumb Code    98  tim.o(i.MX_TIM2_Init)
    MX_TIM3_Init                             0x0800507d   Thumb Code    96  tim.o(i.MX_TIM3_Init)
    MX_TIM7_Init                             0x080050ed   Thumb Code    60  tim.o(i.MX_TIM7_Init)
    MX_USART2_UART_Init                      0x08005135   Thumb Code    48  usart.o(i.MX_USART2_UART_Init)
    MyRtcInit                                0x0800516d   Thumb Code   730  common.o(i.MyRtcInit)
    My_AlarmInit                             0x080054cd   Thumb Code   244  common.o(i.My_AlarmInit)
    My_UART_RxCpltCallback                   0x080055c5   Thumb Code   284  main.o(i.My_UART_RxCpltCallback)
    NMI_Handler                              0x08005755   Thumb Code     2  stm32l0xx_it.o(i.NMI_Handler)
    PendSV_Handler                           0x080057f1   Thumb Code     2  stm32l0xx_it.o(i.PendSV_Handler)
    RNG_LPUART1_IRQHandler                   0x080057f5   Thumb Code    10  stm32l0xx_it.o(i.RNG_LPUART1_IRQHandler)
    RTC_Bcd2ToByte                           0x08005805   Thumb Code    16  stm32l0xx_hal_rtc.o(i.RTC_Bcd2ToByte)
    RTC_ByteToBcd2                           0x08005815   Thumb Code    24  stm32l0xx_hal_rtc.o(i.RTC_ByteToBcd2)
    RTC_EnterInitMode                        0x0800582d   Thumb Code    56  stm32l0xx_hal_rtc.o(i.RTC_EnterInitMode)
    RTC_IRQHandler                           0x08005865   Thumb Code    10  stm32l0xx_it.o(i.RTC_IRQHandler)
    RX_GPIO_Init                             0x08005875   Thumb Code    90  common.o(i.RX_GPIO_Init)
    SVC_Handler                              0x080058d9   Thumb Code     2  stm32l0xx_it.o(i.SVC_Handler)
    SysTick_Handler                          0x080058db   Thumb Code     8  stm32l0xx_it.o(i.SysTick_Handler)
    SystemClock_Config                       0x080058e5   Thumb Code   170  main.o(i.SystemClock_Config)
    SystemInit                               0x08005999   Thumb Code    66  system_stm32l0xx.o(i.SystemInit)
    TIM3_IRQHandler                          0x080059ed   Thumb Code    10  stm32l0xx_it.o(i.TIM3_IRQHandler)
    TIM7_IRQHandler                          0x080059fd   Thumb Code    10  stm32l0xx_it.o(i.TIM7_IRQHandler)
    UART_AdvFeatureConfig                    0x08005ae3   Thumb Code   202  stm32l0xx_hal_uart.o(i.UART_AdvFeatureConfig)
    UART_CheckIdleState                      0x08005bad   Thumb Code    90  stm32l0xx_hal_uart.o(i.UART_CheckIdleState)
    UART_SetConfig                           0x08005dcd   Thumb Code   518  stm32l0xx_hal_uart.o(i.UART_SetConfig)
    UART_WaitOnFlagUntilTimeout              0x08006009   Thumb Code    98  stm32l0xx_hal_uart.o(i.UART_WaitOnFlagUntilTimeout)
    ULT_distance                             0x0800606d   Thumb Code   374  ultrasound.o(i.ULT_distance)
    USART2_IRQHandler                        0x08006275   Thumb Code    10  stm32l0xx_it.o(i.USART2_IRQHandler)
    WEIGHT_DOUT_Init                         0x08006285   Thumb Code    50  weight.o(i.WEIGHT_DOUT_Init)
    WEIGHT_SCK_Init                          0x080062c1   Thumb Code    70  weight.o(i.WEIGHT_SCK_Init)
    __0printf                                0x0800630d   Thumb Code    24  printfa.o(i.__0printf)
    __1printf                                0x0800630d   Thumb Code     0  printfa.o(i.__0printf)
    __2printf                                0x0800630d   Thumb Code     0  printfa.o(i.__0printf)
    __c89printf                              0x0800630d   Thumb Code     0  printfa.o(i.__0printf)
    printf                                   0x0800630d   Thumb Code     0  printfa.o(i.__0printf)
    __0sprintf                               0x0800632d   Thumb Code    36  printfa.o(i.__0sprintf)
    __1sprintf                               0x0800632d   Thumb Code     0  printfa.o(i.__0sprintf)
    __2sprintf                               0x0800632d   Thumb Code     0  printfa.o(i.__0sprintf)
    __c89sprintf                             0x0800632d   Thumb Code     0  printfa.o(i.__0sprintf)
    sprintf                                  0x0800632d   Thumb Code     0  printfa.o(i.__0sprintf)
    __ARM_clz                                0x08006355   Thumb Code    46  depilogue.o(i.__ARM_clz)
    __ARM_common_switch8                     0x08006383   Thumb Code    26  stm32l0xx_hal_dma.o(i.__ARM_common_switch8)
    __aeabi_errno_addr                       0x0800639d   Thumb Code     4  errno.o(i.__aeabi_errno_addr)
    __rt_errno_addr                          0x0800639d   Thumb Code     0  errno.o(i.__aeabi_errno_addr)
    __scatterload_copy                       0x080063a5   Thumb Code    14  handlers.o(i.__scatterload_copy)
    __scatterload_null                       0x080063b3   Thumb Code     2  handlers.o(i.__scatterload_null)
    __scatterload_zeroinit                   0x080063b5   Thumb Code    14  handlers.o(i.__scatterload_zeroinit)
    ackMsg                                   0x08006c7b   Thumb Code    28  coap_msgback.o(i.ackMsg)
    at_5vt_get                               0x08006c99   Thumb Code    46  at.o(i.at_5vt_get)
    at_5vt_set                               0x08006ce5   Thumb Code   110  at.o(i.at_5vt_set)
    at_cfg_run                               0x08006d91   Thumb Code   118  at.o(i.at_cfg_run)
    at_fdr_run                               0x08006e4d   Thumb Code    12  at.o(i.at_fdr_run)
    at_inmod_get                             0x08006e5d   Thumb Code    60  at.o(i.at_inmod_get)
    at_inmod_set                             0x08006eb9   Thumb Code   120  at.o(i.at_inmod_set)
    at_mod_get                               0x08006f71   Thumb Code    68  at.o(i.at_mod_get)
    at_mod_set                               0x08006fd5   Thumb Code   536  at.o(i.at_mod_set)
    at_pword_get                             0x080072d1   Thumb Code    76  at.o(i.at_pword_get)
    at_pword_set                             0x0800733d   Thumb Code   152  at.o(i.at_pword_set)
    at_que                                   0x08007415   Thumb Code   100  at.o(i.at_que)
    at_reset_run                             0x080074b5   Thumb Code     4  at.o(i.at_reset_run)
    at_return_error                          0x080074b9   Thumb Code     4  at.o(i.at_return_error)
    at_servaddr_get                          0x080074bd   Thumb Code    60  at.o(i.at_servaddr_get)
    at_servaddr_set                          0x08007519   Thumb Code   128  at.o(i.at_servaddr_set)
    at_tdc_get                               0x080075d5   Thumb Code    84  at.o(i.at_tdc_get)
    at_tdc_set                               0x08007645   Thumb Code    58  at.o(i.at_tdc_set)
    at_uri_get                               0x08007689   Thumb Code    60  at.o(i.at_uri_get)
    at_uri_set                               0x080076dd   Thumb Code   128  at.o(i.at_uri_set)
    at_weight_GapValue_get                   0x08007799   Thumb Code    88  at.o(i.at_weight_GapValue_get)
    at_weight_GapValue_set                   0x0800782d   Thumb Code   180  at.o(i.at_weight_GapValue_set)
    at_weight_get                            0x080078f1   Thumb Code    66  at.o(i.at_weight_get)
    at_weight_reset                          0x0800795d   Thumb Code    22  at.o(i.at_weight_reset)
    dataSendGet                              0x08007975   Thumb Code   590  serverdatasend.o(i.dataSendGet)
    dataSendPut                              0x08007c91   Thumb Code   618  serverdatasend.o(i.dataSendPut)
    dataTransmission                         0x08007fcd   Thumb Code    70  nbiot_portsend.o(i.dataTransmission)
    devInformation                           0x0800801d   Thumb Code    74  common.o(i.devInformation)
    feedBackSub                              0x0800809d   Thumb Code   502  serverdataprocessing.o(i.feedBackSub)
    flashErase                               0x0800831d   Thumb Code    38  flash.o(i.flashErase)
    flashRead                                0x0800834d   Thumb Code    10  flash.o(i.flashRead)
    flashWrite                               0x0800835d   Thumb Code   108  flash.o(i.flashWrite)
    fputc                                    0x08008415   Thumb Code    26  print.o(i.fputc)
    free                                     0x08008439   Thumb Code    80  malloc.o(i.free)
    getVoltage                               0x0800848d   Thumb Code    26  battery.o(i.getVoltage)
    hexToint                                 0x080084b5   Thumb Code    90  serverdataprocessing.o(i.hexToint)
    i2cDetection                             0x08008511   Thumb Code   324  common.o(i.i2cDetection)
    ledState                                 0x080086dd   Thumb Code   126  common.o(i.ledState)
    lowPower                                 0x08008769   Thumb Code   304  common.o(i.lowPower)
    main                                     0x08008929   Thumb Code   270  main.o(i.main)
    malloc                                   0x08008ab1   Thumb Code    92  malloc.o(i.malloc)
    nbiotInit                                0x08008b1d   Thumb Code   776  nbiot_portsend.o(i.nbiotInit)
    payLoadDeal                              0x08008ffd   Thumb Code  1346  common.o(i.payLoadDeal)
    powerState                               0x08009565   Thumb Code    76  common.o(i.powerState)
    putMsg                                   0x080095b9   Thumb Code   418  coap_put.o(i.putMsg)
    receiveNBIOT                             0x08009771   Thumb Code   120  nbiot_dataintercept.o(i.receiveNBIOT)
    rtrim                                    0x080097e9   Thumb Code    58  serverdataprocessing.o(i.rtrim)
    sht20Data                                0x08009825   Thumb Code   544  sht20.o(i.sht20Data)
    sht20Init                                0x08009ad9   Thumb Code     8  sht20.o(i.sht20Init)
    sht31Data                                0x08009ae1   Thumb Code   442  sht31.o(i.sht31Data)
    sht31Init                                0x08009d25   Thumb Code    34  sht31.o(i.sht31Init)
    sockClosd                                0x08009d51   Thumb Code   178  serverdatasend.o(i.sockClosd)
    sockCreat                                0x08009e3d   Thumb Code   464  serverdatasend.o(i.sockCreat)
    strTohex                                 0x0800a109   Thumb Code    76  nbiot_dataintercept.o(i.strTohex)
    waitbusy                                 0x0800a155   Thumb Code    76  lidar.o(i.waitbusy)
    workModel                                0x0800a1ad   Thumb Code   336  common.o(i.workModel)
    AHBPrescTable                            0x0800a518   Data          16  system_stm32l0xx.o(.constdata)
    PLLMulTable                              0x0800a528   Data           9  system_stm32l0xx.o(.constdata)
    APBPrescTable                            0x0800a531   Data           8  system_stm32l0xx.o(.constdata)
    __ctype_table                            0x0800a539   Data         129  ctype_o.o(.constdata)
    Region$$Table$$Base                      0x0800aa50   Number         0  anon$$obj.o(Region$$Table)
    Region$$Table$$Limit                     0x0800aa70   Number         0  anon$$obj.o(Region$$Table)
    sys                                      0x2000000c   Data          18  common.o(.data)
    workmodel                                0x2000001e   Data          14  common.o(.data)
    sensor                                   0x2000002c   Data          60  common.o(.data)
    data32                                   0x20000068   Data           4  flash.o(.data)
    PAGEError                                0x2000006c   Data           4  flash.o(.data)
    HX711_Buffer                             0x20000070   Data           4  weight.o(.data)
    Weight_Maopi                             0x20000074   Data           4  weight.o(.data)
    Weight_Shiwu                             0x20000078   Data           4  weight.o(.data)
    uwTick                                   0x2000007c   Data           4  stm32l0xx_hal.o(.data)
    SystemCoreClock                          0x20000080   Data           4  system_stm32l0xx.o(.data)
    __stdout                                 0x20000084   Data           4  stdout.o(.data)
    __microlib_freelist                      0x20000088   Data           4  mvars.o(.data)
    __microlib_freelist_initialised          0x2000008c   Data           4  mvars.o(.data)
    hadc                                     0x20000094   Data          92  adc.o(.bss)
    hi2c1                                    0x200000f0   Data          76  i2c.o(.bss)
    hiwdg                                    0x2000013c   Data          16  iwdg.o(.bss)
    hlpuart1                                 0x2000014c   Data         128  usart.o(.bss)
    huart2                                   0x200001cc   Data         128  usart.o(.bss)
    hdma_lpuart1_rx                          0x2000024c   Data          72  usart.o(.bss)
    hdma_lpuart1_tx                          0x20000294   Data          72  usart.o(.bss)
    hrtc                                     0x200002dc   Data          36  rtc.o(.bss)
    htim2                                    0x20000300   Data          60  tim.o(.bss)
    htim3                                    0x2000033c   Data          60  tim.o(.bss)
    htim7                                    0x20000378   Data          60  tim.o(.bss)
    uart                                     0x200003b4   Data         312  common.o(.bss)
    pFlash                                   0x200004f8   Data          24  stm32l0xx_hal_flash.o(.bss)
    __heap_base                              0x20000510   Data           0  startup_stm32l072xx.o(HEAP)
    __heap_limit                             0x20000710   Data           0  startup_stm32l072xx.o(HEAP)
    __initial_sp                             0x20000b10   Data           0  startup_stm32l072xx.o(STACK)



==============================================================================

Memory Map of the image

  Image Entry point : 0x080000c1

  Load Region LR_IROM1 (Base: 0x08000000, Size: 0x0000ab04, Max: 0x00030000, ABSOLUTE)

    Execution Region ER_IROM1 (Exec base: 0x08000000, Load base: 0x08000000, Size: 0x0000aa70, Max: 0x00030000, ABSOLUTE)

    Exec Addr    Load Addr    Size         Type   Attr      Idx    E Section Name        Object

    0x08000000   0x08000000   0x000000c0   Data   RO            3    RESET               startup_stm32l072xx.o
    0x080000c0   0x080000c0   0x00000000   Code   RO         5010  * .ARM.Collect$$$$00000000  mc_p.l(entry.o)
    0x080000c0   0x080000c0   0x00000004   Code   RO         5392    .ARM.Collect$$$$00000001  mc_p.l(entry2.o)
    0x080000c4   0x080000c4   0x00000004   Code   RO         5395    .ARM.Collect$$$$00000004  mc_p.l(entry5.o)
    0x080000c8   0x080000c8   0x00000000   Code   RO         5397    .ARM.Collect$$$$00000008  mc_p.l(entry7b.o)
    0x080000c8   0x080000c8   0x00000000   Code   RO         5399    .ARM.Collect$$$$0000000A  mc_p.l(entry8b.o)
    0x080000c8   0x080000c8   0x00000008   Code   RO         5400    .ARM.Collect$$$$0000000B  mc_p.l(entry9a.o)
    0x080000d0   0x080000d0   0x00000000   Code   RO         5402    .ARM.Collect$$$$0000000D  mc_p.l(entry10a.o)
    0x080000d0   0x080000d0   0x00000000   Code   RO         5404    .ARM.Collect$$$$0000000F  mc_p.l(entry11a.o)
    0x080000d0   0x080000d0   0x00000004   Code   RO         5393    .ARM.Collect$$$$00002712  mc_p.l(entry2.o)
    0x080000d4   0x080000d4   0x0000001c   Code   RO            4    .text               startup_stm32l072xx.o
    0x080000f0   0x080000f0   0x0000002c   Code   RO         5013    .text               mc_p.l(uidiv.o)
    0x0800011c   0x0800011c   0x00000028   Code   RO         5015    .text               mc_p.l(idiv.o)
    0x08000144   0x08000144   0x00000060   Code   RO         5017    .text               mc_p.l(uldiv.o)
    0x080001a4   0x080001a4   0x00000008   Code   RO         5019    .text               mc_p.l(ctype_o.o)
    0x080001ac   0x080001ac   0x0000000c   Code   RO         5047    .text               mc_p.l(toupper.o)
    0x080001b8   0x080001b8   0x0000000c   Code   RO         5049    .text               mc_p.l(tolower.o)
    0x080001c4   0x080001c4   0x00000024   Code   RO         5051    .text               mc_p.l(memcpya.o)
    0x080001e8   0x080001e8   0x00000024   Code   RO         5053    .text               mc_p.l(memseta.o)
    0x0800020c   0x0800020c   0x00000018   Code   RO         5055    .text               mc_p.l(strcat.o)
    0x08000224   0x08000224   0x00000028   Code   RO         5057    .text               mc_p.l(strstr.o)
    0x0800024c   0x0800024c   0x0000001a   Code   RO         5059    .text               mc_p.l(strncpy.o)
    0x08000266   0x08000266   0x00000014   Code   RO         5061    .text               mc_p.l(strchr.o)
    0x0800027a   0x0800027a   0x0000000e   Code   RO         5063    .text               mc_p.l(strlen.o)
    0x08000288   0x08000288   0x0000001c   Code   RO         5065    .text               mc_p.l(strcmp.o)
    0x080002a4   0x080002a4   0x00000020   Code   RO         5067    .text               mc_p.l(strrchr.o)
    0x080002c4   0x080002c4   0x0000001a   Code   RO         5360    .text               mc_p.l(atoi.o)
    0x080002de   0x080002de   0x000000b2   Code   RO         5362    .text               mf_p.l(fadd.o)
    0x08000390   0x08000390   0x0000007a   Code   RO         5364    .text               mf_p.l(fmul.o)
    0x0800040a   0x0800040a   0x0000007c   Code   RO         5366    .text               mf_p.l(fdiv.o)
    0x08000486   0x08000486   0x00000002   PAD
    0x08000488   0x08000488   0x00000164   Code   RO         5368    .text               mf_p.l(dadd.o)
    0x080005ec   0x080005ec   0x000000d0   Code   RO         5370    .text               mf_p.l(dmul.o)
    0x080006bc   0x080006bc   0x000000f0   Code   RO         5372    .text               mf_p.l(ddiv.o)
    0x080007ac   0x080007ac   0x0000002c   Code   RO         5374    .text               mf_p.l(dscalb.o)
    0x080007d8   0x080007d8   0x00000016   Code   RO         5376    .text               mf_p.l(fflti.o)
    0x080007ee   0x080007ee   0x0000000e   Code   RO         5378    .text               mf_p.l(ffltui.o)
    0x080007fc   0x080007fc   0x00000028   Code   RO         5380    .text               mf_p.l(dflti.o)
    0x08000824   0x08000824   0x0000001c   Code   RO         5382    .text               mf_p.l(dfltui.o)
    0x08000840   0x08000840   0x00000032   Code   RO         5384    .text               mf_p.l(ffixi.o)
    0x08000872   0x08000872   0x00000028   Code   RO         5386    .text               mf_p.l(ffixui.o)
    0x0800089a   0x0800089a   0x00000028   Code   RO         5388    .text               mf_p.l(f2d.o)
    0x080008c2   0x080008c2   0x00000038   Code   RO         5390    .text               mf_p.l(d2f.o)
    0x080008fa   0x080008fa   0x00000020   Code   RO         5407    .text               mc_p.l(llshl.o)
    0x0800091a   0x0800091a   0x00000022   Code   RO         5409    .text               mc_p.l(llushr.o)
    0x0800093c   0x0800093c   0x00000026   Code   RO         5411    .text               mc_p.l(llsshr.o)
    0x08000962   0x08000962   0x00000002   PAD
    0x08000964   0x08000964   0x00000070   Code   RO         5422    .text               mc_p.l(strtol.o)
    0x080009d4   0x080009d4   0x00000000   Code   RO         5424    .text               mc_p.l(iusefp.o)
    0x080009d4   0x080009d4   0x00000082   Code   RO         5425    .text               mf_p.l(fepilogue.o)
    0x08000a56   0x08000a56   0x000000be   Code   RO         5427    .text               mf_p.l(depilogue.o)
    0x08000b14   0x08000b14   0x00000040   Code   RO         5431    .text               mf_p.l(dfixul.o)
    0x08000b54   0x08000b54   0x00000028   Code   RO         5433    .text               mf_p.l(cdrcmple.o)
    0x08000b7c   0x08000b7c   0x00000024   Code   RO         5435    .text               mc_p.l(init.o)
    0x08000ba0   0x08000ba0   0x000000a6   Code   RO         5437    .text               mc_p.l(_strtoul.o)
    0x08000c46   0x08000c46   0x0000001e   Code   RO         5439    .text               mc_p.l(_chval.o)
    0x08000c64   0x08000c64   0x0000017c   Code   RO         1006    i.ADCModel          common.o
    0x08000de0   0x08000de0   0x00000024   Code   RO         1636    i.ADC_DelayMicroSecond  stm32l0xx_hal_adc.o
    0x08000e04   0x08000e04   0x00000064   Code   RO         1638    i.ADC_Enable        stm32l0xx_hal_adc.o
    0x08000e68   0x08000e68   0x000001ac   Code   RO          804    i.ATInsPro          at.o
    0x08001014   0x08001014   0x00000018   Code   RO          688    i.DMA1_Channel2_3_IRQHandler  stm32l0xx_it.o
    0x0800102c   0x0800102c   0x0000002c   Code   RO         3109    i.DMA_SetConfig     stm32l0xx_hal_dma.o
    0x08001058   0x08001058   0x00000138   Code   RO         1100    i.DS18B20_GetTemp_SkipRom  ds18b20.o
    0x08001190   0x08001190   0x00000074   Code   RO         1102    i.DS18B20_Mode_IPU  ds18b20.o
    0x08001204   0x08001204   0x00000070   Code   RO         1103    i.DS18B20_Mode_Out_PP  ds18b20.o
    0x08001274   0x08001274   0x00000108   Code   RO         1104    i.DS18B20_Presence  ds18b20.o
    0x0800137c   0x0800137c   0x00000098   Code   RO         1105    i.DS18B20_ReadBit   ds18b20.o
    0x08001414   0x08001414   0x00000020   Code   RO         1106    i.DS18B20_ReadByte  ds18b20.o
    0x08001434   0x08001434   0x00000074   Code   RO         1107    i.DS18B20_Rst       ds18b20.o
    0x080014a8   0x080014a8   0x00000018   Code   RO         1108    i.DS18B20_SkipRom   ds18b20.o
    0x080014c0   0x080014c0   0x00000134   Code   RO         1110    i.DS18B20_WriteByte  ds18b20.o
    0x080015f4   0x080015f4   0x00000016   Code   RO         1111    i.DS18B20_delay     ds18b20.o
    0x0800160a   0x0800160a   0x0000000a   Code   RO          689    i.EXTI2_3_IRQHandler  stm32l0xx_it.o
    0x08001614   0x08001614   0x0000000c   Code   RO          690    i.EXTI4_15_IRQHandler  stm32l0xx_it.o
    0x08001620   0x08001620   0x00000088   Code   RO         1007    i.EX_GPIO_Init      common.o
    0x080016a8   0x080016a8   0x00000074   Code   RO           12    i.Error_Handler     main.o
    0x0800171c   0x0800171c   0x0000002c   Code   RO         2939    i.FLASH_PageErase   stm32l0xx_hal_flash_ex.o
    0x08001748   0x08001748   0x00000090   Code   RO         2841    i.FLASH_SetErrorCode  stm32l0xx_hal_flash.o
    0x080017d8   0x080017d8   0x00000070   Code   RO         2842    i.FLASH_WaitForLastOperation  stm32l0xx_hal_flash.o
    0x08001848   0x08001848   0x00000040   Code   RO         1421    i.GPIO_ULT_INPUT_Init  ultrasound.o
    0x08001888   0x08001888   0x00000040   Code   RO         1422    i.GPIO_ULT_OUTPUT_Init  ultrasound.o
    0x080018c8   0x080018c8   0x000001a0   Code   RO         1567    i.GetMsg            coap_get.o
    0x08001a68   0x08001a68   0x00000010   Code   RO         1453    i.Get_Maopi         weight.o
    0x08001a78   0x08001a78   0x00000048   Code   RO         1454    i.Get_Weight        weight.o
    0x08001ac0   0x08001ac0   0x000000aa   Code   RO         1815    i.HAL_ADCEx_Calibration_Start  stm32l0xx_hal_adc_ex.o
    0x08001b6a   0x08001b6a   0x00000002   PAD
    0x08001b6c   0x08001b6c   0x00000094   Code   RO         1640    i.HAL_ADC_ConfigChannel  stm32l0xx_hal_adc.o
    0x08001c00   0x08001c00   0x00000006   Code   RO         1647    i.HAL_ADC_GetValue  stm32l0xx_hal_adc.o
    0x08001c06   0x08001c06   0x00000002   PAD
    0x08001c08   0x08001c08   0x000001c8   Code   RO         1649    i.HAL_ADC_Init      stm32l0xx_hal_adc.o
    0x08001dd0   0x08001dd0   0x00000050   Code   RO          432    i.HAL_ADC_MspInit   adc.o
    0x08001e20   0x08001e20   0x000000c0   Code   RO         1653    i.HAL_ADC_PollForConversion  stm32l0xx_hal_adc.o
    0x08001ee0   0x08001ee0   0x0000005c   Code   RO         1655    i.HAL_ADC_Start     stm32l0xx_hal_adc.o
    0x08001f3c   0x08001f3c   0x0000004c   Code   RO         3111    i.HAL_DMA_Abort_IT  stm32l0xx_hal_dma.o
    0x08001f88   0x08001f88   0x000000a8   Code   RO         3115    i.HAL_DMA_IRQHandler  stm32l0xx_hal_dma.o
    0x08002030   0x08002030   0x00000090   Code   RO         3116    i.HAL_DMA_Init      stm32l0xx_hal_dma.o
    0x080020c0   0x080020c0   0x00000068   Code   RO         3120    i.HAL_DMA_Start_IT  stm32l0xx_hal_dma.o
    0x08002128   0x08002128   0x0000001c   Code   RO         1878    i.HAL_Delay         stm32l0xx_hal.o
    0x08002144   0x08002144   0x00000078   Code   RO         2948    i.HAL_FLASHEx_Erase  stm32l0xx_hal_flash_ex.o
    0x080021bc   0x080021bc   0x0000001c   Code   RO         2846    i.HAL_FLASH_Lock    stm32l0xx_hal_flash.o
    0x080021d8   0x080021d8   0x0000003c   Code   RO         2851    i.HAL_FLASH_Program  stm32l0xx_hal_flash.o
    0x08002214   0x08002214   0x0000005c   Code   RO         2853    i.HAL_FLASH_Unlock  stm32l0xx_hal_flash.o
    0x08002270   0x08002270   0x00000044   Code   RO           13    i.HAL_GPIO_EXTI_Callback  main.o
    0x080022b4   0x080022b4   0x00000018   Code   RO         3049    i.HAL_GPIO_EXTI_IRQHandler  stm32l0xx_hal_gpio.o
    0x080022cc   0x080022cc   0x00000184   Code   RO         3050    i.HAL_GPIO_Init     stm32l0xx_hal_gpio.o
    0x08002450   0x08002450   0x0000000a   Code   RO         3052    i.HAL_GPIO_ReadPin  stm32l0xx_hal_gpio.o
    0x0800245a   0x0800245a   0x0000000c   Code   RO         3054    i.HAL_GPIO_WritePin  stm32l0xx_hal_gpio.o
    0x08002466   0x08002466   0x00000002   PAD
    0x08002468   0x08002468   0x0000000c   Code   RO         1882    i.HAL_GetTick       stm32l0xx_hal.o
    0x08002474   0x08002474   0x0000004a   Code   RO         2510    i.HAL_I2CEx_ConfigAnalogFilter  stm32l0xx_hal_i2c_ex.o
    0x080024be   0x080024be   0x00000048   Code   RO         2511    i.HAL_I2CEx_ConfigDigitalFilter  stm32l0xx_hal_i2c_ex.o
    0x08002506   0x08002506   0x00000004   Code   RO         2065    i.HAL_I2C_GetError  stm32l0xx_hal_i2c.o
    0x0800250a   0x0800250a   0x00000002   PAD
    0x0800250c   0x0800250c   0x000000b4   Code   RO         2068    i.HAL_I2C_Init      stm32l0xx_hal_i2c.o
    0x080025c0   0x080025c0   0x00000110   Code   RO         2074    i.HAL_I2C_Master_Receive  stm32l0xx_hal_i2c.o
    0x080026d0   0x080026d0   0x00000110   Code   RO         2081    i.HAL_I2C_Master_Transmit  stm32l0xx_hal_i2c.o
    0x080027e0   0x080027e0   0x00000154   Code   RO         2086    i.HAL_I2C_Mem_Read  stm32l0xx_hal_i2c.o
    0x08002934   0x08002934   0x0000014c   Code   RO         2089    i.HAL_I2C_Mem_Write  stm32l0xx_hal_i2c.o
    0x08002a80   0x08002a80   0x0000005c   Code   RO          493    i.HAL_I2C_MspInit   i2c.o
    0x08002adc   0x08002adc   0x00000064   Code   RO         3486    i.HAL_IWDG_Init     stm32l0xx_hal_iwdg.o
    0x08002b40   0x08002b40   0x00000010   Code   RO         3487    i.HAL_IWDG_Refresh  stm32l0xx_hal_iwdg.o
    0x08002b50   0x08002b50   0x00000010   Code   RO         1886    i.HAL_IncTick       stm32l0xx_hal.o
    0x08002b60   0x08002b60   0x00000028   Code   RO         1887    i.HAL_Init          stm32l0xx_hal.o
    0x08002b88   0x08002b88   0x00000030   Code   RO         1888    i.HAL_InitTick      stm32l0xx_hal.o
    0x08002bb8   0x08002bb8   0x00000018   Code   RO          784    i.HAL_MspInit       stm32l0xx_hal_msp.o
    0x08002bd0   0x08002bd0   0x00000014   Code   RO         3379    i.HAL_NVIC_EnableIRQ  stm32l0xx_hal_cortex.o
    0x08002be4   0x08002be4   0x00000008   Code   RO         3383    i.HAL_NVIC_SetPriority  stm32l0xx_hal_cortex.o
    0x08002bec   0x08002bec   0x00000010   Code   RO         3321    i.HAL_PWREx_EnableFastWakeUp  stm32l0xx_hal_pwr_ex.o
    0x08002bfc   0x08002bfc   0x00000010   Code   RO         3323    i.HAL_PWREx_EnableUltraLowPower  stm32l0xx_hal_pwr_ex.o
    0x08002c0c   0x08002c0c   0x00000010   Code   RO         3209    i.HAL_PWR_EnableBkUpAccess  stm32l0xx_hal_pwr.o
    0x08002c1c   0x08002c1c   0x00000034   Code   RO         3216    i.HAL_PWR_EnterSTOPMode  stm32l0xx_hal_pwr.o
    0x08002c50   0x08002c50   0x0000018c   Code   RO         2670    i.HAL_RCCEx_PeriphCLKConfig  stm32l0xx_hal_rcc_ex.o
    0x08002ddc   0x08002ddc   0x0000016c   Code   RO         2561    i.HAL_RCC_ClockConfig  stm32l0xx_hal_rcc.o
    0x08002f48   0x08002f48   0x00000020   Code   RO         2567    i.HAL_RCC_GetPCLK1Freq  stm32l0xx_hal_rcc.o
    0x08002f68   0x08002f68   0x00000020   Code   RO         2568    i.HAL_RCC_GetPCLK2Freq  stm32l0xx_hal_rcc.o
    0x08002f88   0x08002f88   0x00000078   Code   RO         2569    i.HAL_RCC_GetSysClockFreq  stm32l0xx_hal_rcc.o
    0x08003000   0x08003000   0x00000496   Code   RO         2572    i.HAL_RCC_OscConfig  stm32l0xx_hal_rcc.o
    0x08003496   0x08003496   0x00000002   PAD
    0x08003498   0x08003498   0x00000024   Code   RO           14    i.HAL_RTCEx_AlarmBEventCallback  main.o
    0x080034bc   0x080034bc   0x00000020   Code   RO           15    i.HAL_RTC_AlarmAEventCallback  main.o
    0x080034dc   0x080034dc   0x00000060   Code   RO         3927    i.HAL_RTC_AlarmIRQHandler  stm32l0xx_hal_rtc.o
    0x0800353c   0x0800353c   0x000000b8   Code   RO         3929    i.HAL_RTC_DeactivateAlarm  stm32l0xx_hal_rtc.o
    0x080035f4   0x080035f4   0x00000044   Code   RO         3931    i.HAL_RTC_GetDate   stm32l0xx_hal_rtc.o
    0x08003638   0x08003638   0x0000005c   Code   RO         3933    i.HAL_RTC_GetTime   stm32l0xx_hal_rtc.o
    0x08003694   0x08003694   0x000000bc   Code   RO         3934    i.HAL_RTC_Init      stm32l0xx_hal_rtc.o
    0x08003750   0x08003750   0x00000030   Code   RO          601    i.HAL_RTC_MspInit   rtc.o
    0x08003780   0x08003780   0x00000190   Code   RO         3939    i.HAL_RTC_SetAlarm_IT  stm32l0xx_hal_rtc.o
    0x08003910   0x08003910   0x000000c4   Code   RO         3940    i.HAL_RTC_SetDate   stm32l0xx_hal_rtc.o
    0x080039d4   0x080039d4   0x000000e8   Code   RO         3941    i.HAL_RTC_SetTime   stm32l0xx_hal_rtc.o
    0x08003abc   0x08003abc   0x00000034   Code   RO         3942    i.HAL_RTC_WaitForSynchro  stm32l0xx_hal_rtc.o
    0x08003af0   0x08003af0   0x00000010   Code   RO         1891    i.HAL_ResumeTick    stm32l0xx_hal.o
    0x08003b00   0x08003b00   0x00000030   Code   RO         3387    i.HAL_SYSTICK_Config  stm32l0xx_hal_cortex.o
    0x08003b30   0x08003b30   0x00000010   Code   RO         1896    i.HAL_SuspendTick   stm32l0xx_hal.o
    0x08003b40   0x08003b40   0x0000003c   Code   RO         4952    i.HAL_TIMEx_MasterConfigSynchronization  stm32l0xx_hal_tim_ex.o
    0x08003b7c   0x08003b7c   0x00000034   Code   RO         4285    i.HAL_TIM_Base_Init  stm32l0xx_hal_tim.o
    0x08003bb0   0x08003bb0   0x00000060   Code   RO          639    i.HAL_TIM_Base_MspInit  tim.o
    0x08003c10   0x08003c10   0x00000020   Code   RO         4290    i.HAL_TIM_Base_Start_IT  stm32l0xx_hal_tim.o
    0x08003c30   0x08003c30   0x00000024   Code   RO         4293    i.HAL_TIM_Base_Stop_IT  stm32l0xx_hal_tim.o
    0x08003c54   0x08003c54   0x000000d0   Code   RO         4294    i.HAL_TIM_ConfigClockSource  stm32l0xx_hal_tim.o
    0x08003d24   0x08003d24   0x00000002   Code   RO         4314    i.HAL_TIM_IC_CaptureCallback  stm32l0xx_hal_tim.o
    0x08003d26   0x08003d26   0x00000126   Code   RO         4328    i.HAL_TIM_IRQHandler  stm32l0xx_hal_tim.o
    0x08003e4c   0x08003e4c   0x00000002   Code   RO         4331    i.HAL_TIM_OC_DelayElapsedCallback  stm32l0xx_hal_tim.o
    0x08003e4e   0x08003e4e   0x00000002   Code   RO         4358    i.HAL_TIM_PWM_PulseFinishedCallback  stm32l0xx_hal_tim.o
    0x08003e50   0x08003e50   0x00000118   Code   RO           16    i.HAL_TIM_PeriodElapsedCallback  main.o
    0x08003f68   0x08003f68   0x00000002   Code   RO         4371    i.HAL_TIM_TriggerCallback  stm32l0xx_hal_tim.o
    0x08003f6a   0x08003f6a   0x00000002   Code   RO         3871    i.HAL_UARTEx_WakeupCallback  stm32l0xx_hal_uart_ex.o
    0x08003f6c   0x08003f6c   0x00000060   Code   RO           17    i.HAL_UART_ErrorCallback  main.o
    0x08003fcc   0x08003fcc   0x0000013c   Code   RO         3537    i.HAL_UART_IRQHandler  stm32l0xx_hal_uart.o
    0x08004108   0x08004108   0x0000006a   Code   RO         3538    i.HAL_UART_Init     stm32l0xx_hal_uart.o
    0x08004172   0x08004172   0x00000002   PAD
    0x08004174   0x08004174   0x00000114   Code   RO          557    i.HAL_UART_MspInit  usart.o
    0x08004288   0x08004288   0x000000b8   Code   RO         3542    i.HAL_UART_Receive_DMA  stm32l0xx_hal_uart.o
    0x08004340   0x08004340   0x000000c4   Code   RO         3543    i.HAL_UART_Receive_IT  stm32l0xx_hal_uart.o
    0x08004404   0x08004404   0x000001c0   Code   RO           18    i.HAL_UART_RxCpltCallback  main.o
    0x080045c4   0x080045c4   0x00000002   Code   RO         3545    i.HAL_UART_RxHalfCpltCallback  stm32l0xx_hal_uart.o
    0x080045c6   0x080045c6   0x000000ce   Code   RO         3546    i.HAL_UART_Transmit  stm32l0xx_hal_uart.o
    0x08004694   0x08004694   0x000000ac   Code   RO         3547    i.HAL_UART_Transmit_DMA  stm32l0xx_hal_uart.o
    0x08004740   0x08004740   0x00000002   Code   RO         3549    i.HAL_UART_TxCpltCallback  stm32l0xx_hal_uart.o
    0x08004742   0x08004742   0x00000002   Code   RO         3550    i.HAL_UART_TxHalfCpltCallback  stm32l0xx_hal_uart.o
    0x08004744   0x08004744   0x00000084   Code   RO          977    i.HW_AdcReadChannel  battery.o
    0x080047c8   0x080047c8   0x00000054   Code   RO         1455    i.HW_GPIO_Init      weight.o
    0x0800481c   0x0800481c   0x00000080   Code   RO         1456    i.HX711_Read        weight.o
    0x0800489c   0x0800489c   0x00000002   Code   RO          691    i.HardFault_Handler  stm32l0xx_it.o
    0x0800489e   0x0800489e   0x00000022   Code   RO         2115    i.I2C_Flush_TXDR    stm32l0xx_hal_i2c.o
    0x080048c0   0x080048c0   0x00000070   Code   RO         2123    i.I2C_IsAcknowledgeFailed  stm32l0xx_hal_i2c.o
    0x08004930   0x08004930   0x00000060   Code   RO         2126    i.I2C_RequestMemoryRead  stm32l0xx_hal_i2c.o
    0x08004990   0x08004990   0x00000060   Code   RO         2127    i.I2C_RequestMemoryWrite  stm32l0xx_hal_i2c.o
    0x080049f0   0x080049f0   0x00000028   Code   RO         2130    i.I2C_TransferConfig  stm32l0xx_hal_i2c.o
    0x08004a18   0x08004a18   0x0000004e   Code   RO         2131    i.I2C_WaitOnFlagUntilTimeout  stm32l0xx_hal_i2c.o
    0x08004a66   0x08004a66   0x00000002   PAD
    0x08004a68   0x08004a68   0x00000080   Code   RO         2132    i.I2C_WaitOnRXNEFlagUntilTimeout  stm32l0xx_hal_i2c.o
    0x08004ae8   0x08004ae8   0x0000004c   Code   RO         2133    i.I2C_WaitOnSTOPFlagUntilTimeout  stm32l0xx_hal_i2c.o
    0x08004b34   0x08004b34   0x00000050   Code   RO         2134    i.I2C_WaitOnTXISFlagUntilTimeout  stm32l0xx_hal_i2c.o
    0x08004b84   0x08004b84   0x000001b0   Code   RO         1220    i.LidarLite         lidar.o
    0x08004d34   0x08004d34   0x000000b4   Code   RO          433    i.MX_ADC_Init       adc.o
    0x08004de8   0x08004de8   0x00000028   Code   RO          469    i.MX_DMA_Init       dma.o
    0x08004e10   0x08004e10   0x000000c8   Code   RO          304    i.MX_GPIO_Init      gpio.o
    0x08004ed8   0x08004ed8   0x00000058   Code   RO          494    i.MX_I2C1_Init      i2c.o
    0x08004f30   0x08004f30   0x0000002c   Code   RO          530    i.MX_IWDG_Init      iwdg.o
    0x08004f5c   0x08004f5c   0x00000038   Code   RO          558    i.MX_LPUART1_UART_Init  usart.o
    0x08004f94   0x08004f94   0x0000007c   Code   RO          602    i.MX_RTC_Init       rtc.o
    0x08005010   0x08005010   0x0000006c   Code   RO          640    i.MX_TIM2_Init      tim.o
    0x0800507c   0x0800507c   0x00000070   Code   RO          641    i.MX_TIM3_Init      tim.o
    0x080050ec   0x080050ec   0x00000048   Code   RO          642    i.MX_TIM7_Init      tim.o
    0x08005134   0x08005134   0x00000038   Code   RO          559    i.MX_USART2_UART_Init  usart.o
    0x0800516c   0x0800516c   0x00000360   Code   RO         1008    i.MyRtcInit         common.o
    0x080054cc   0x080054cc   0x000000f8   Code   RO         1009    i.My_AlarmInit      common.o
    0x080055c4   0x080055c4   0x00000190   Code   RO           19    i.My_UART_RxCpltCallback  main.o
    0x08005754   0x08005754   0x00000002   Code   RO          692    i.NMI_Handler       stm32l0xx_it.o
    0x08005756   0x08005756   0x00000002   PAD
    0x08005758   0x08005758   0x00000044   Code   RO         3389    i.NVIC_SetPriority  stm32l0xx_hal_cortex.o
    0x0800579c   0x0800579c   0x0000001c   Code   RO          805    i.NVIC_SystemReset  at.o
    0x080057b8   0x080057b8   0x0000001c   Code   RO         1359    i.NVIC_SystemReset  sht20.o
    0x080057d4   0x080057d4   0x0000001c   Code   RO         1390    i.NVIC_SystemReset  sht31.o
    0x080057f0   0x080057f0   0x00000002   Code   RO          693    i.PendSV_Handler    stm32l0xx_it.o
    0x080057f2   0x080057f2   0x00000002   PAD
    0x080057f4   0x080057f4   0x00000010   Code   RO          694    i.RNG_LPUART1_IRQHandler  stm32l0xx_it.o
    0x08005804   0x08005804   0x00000010   Code   RO         3943    i.RTC_Bcd2ToByte    stm32l0xx_hal_rtc.o
    0x08005814   0x08005814   0x00000018   Code   RO         3944    i.RTC_ByteToBcd2    stm32l0xx_hal_rtc.o
    0x0800582c   0x0800582c   0x00000038   Code   RO         3945    i.RTC_EnterInitMode  stm32l0xx_hal_rtc.o
    0x08005864   0x08005864   0x00000010   Code   RO          695    i.RTC_IRQHandler    stm32l0xx_it.o
    0x08005874   0x08005874   0x00000064   Code   RO         1010    i.RX_GPIO_Init      common.o
    0x080058d8   0x080058d8   0x00000002   Code   RO          696    i.SVC_Handler       stm32l0xx_it.o
    0x080058da   0x080058da   0x00000008   Code   RO          697    i.SysTick_Handler   stm32l0xx_it.o
    0x080058e2   0x080058e2   0x00000002   PAD
    0x080058e4   0x080058e4   0x000000b4   Code   RO           20    i.SystemClock_Config  main.o
    0x08005998   0x08005998   0x00000054   Code   RO         4979    i.SystemInit        system_stm32l0xx.o
    0x080059ec   0x080059ec   0x00000010   Code   RO          698    i.TIM3_IRQHandler   stm32l0xx_it.o
    0x080059fc   0x080059fc   0x00000010   Code   RO          699    i.TIM7_IRQHandler   stm32l0xx_it.o
    0x08005a0c   0x08005a0c   0x00000068   Code   RO         4373    i.TIM_Base_SetConfig  stm32l0xx_hal_tim.o
    0x08005a74   0x08005a74   0x00000016   Code   RO         4384    i.TIM_ETR_SetConfig  stm32l0xx_hal_tim.o
    0x08005a8a   0x08005a8a   0x00000010   Code   RO         4385    i.TIM_ITRx_SetConfig  stm32l0xx_hal_tim.o
    0x08005a9a   0x08005a9a   0x00000022   Code   RO         4391    i.TIM_TI1_ConfigInputStage  stm32l0xx_hal_tim.o
    0x08005abc   0x08005abc   0x00000026   Code   RO         4393    i.TIM_TI2_ConfigInputStage  stm32l0xx_hal_tim.o
    0x08005ae2   0x08005ae2   0x000000ca   Code   RO         3551    i.UART_AdvFeatureConfig  stm32l0xx_hal_uart.o
    0x08005bac   0x08005bac   0x00000060   Code   RO         3552    i.UART_CheckIdleState  stm32l0xx_hal_uart.o
    0x08005c0c   0x08005c0c   0x00000014   Code   RO         3553    i.UART_DMAAbortOnError  stm32l0xx_hal_uart.o
    0x08005c20   0x08005c20   0x00000048   Code   RO         3554    i.UART_DMAError     stm32l0xx_hal_uart.o
    0x08005c68   0x08005c68   0x0000003e   Code   RO         3555    i.UART_DMAReceiveCplt  stm32l0xx_hal_uart.o
    0x08005ca6   0x08005ca6   0x0000000a   Code   RO         3557    i.UART_DMARxHalfCplt  stm32l0xx_hal_uart.o
    0x08005cb0   0x08005cb0   0x00000030   Code   RO         3559    i.UART_DMATransmitCplt  stm32l0xx_hal_uart.o
    0x08005ce0   0x08005ce0   0x0000000a   Code   RO         3561    i.UART_DMATxHalfCplt  stm32l0xx_hal_uart.o
    0x08005cea   0x08005cea   0x00000020   Code   RO         3563    i.UART_EndRxTransfer  stm32l0xx_hal_uart.o
    0x08005d0a   0x08005d0a   0x00000010   Code   RO         3564    i.UART_EndTxTransfer  stm32l0xx_hal_uart.o
    0x08005d1a   0x08005d1a   0x00000058   Code   RO         3565    i.UART_RxISR_16BIT  stm32l0xx_hal_uart.o
    0x08005d72   0x08005d72   0x00000058   Code   RO         3566    i.UART_RxISR_8BIT   stm32l0xx_hal_uart.o
    0x08005dca   0x08005dca   0x00000002   PAD
    0x08005dcc   0x08005dcc   0x0000023c   Code   RO         3567    i.UART_SetConfig    stm32l0xx_hal_uart.o
    0x08006008   0x08006008   0x00000062   Code   RO         3570    i.UART_WaitOnFlagUntilTimeout  stm32l0xx_hal_uart.o
    0x0800606a   0x0800606a   0x00000002   PAD
    0x0800606c   0x0800606c   0x00000208   Code   RO         1423    i.ULT_distance      ultrasound.o
    0x08006274   0x08006274   0x00000010   Code   RO          700    i.USART2_IRQHandler  stm32l0xx_it.o
    0x08006284   0x08006284   0x0000003c   Code   RO         1457    i.WEIGHT_DOUT_Init  weight.o
    0x080062c0   0x080062c0   0x0000004c   Code   RO         1458    i.WEIGHT_SCK_Init   weight.o
    0x0800630c   0x0800630c   0x00000020   Code   RO         5304    i.__0printf         mc_p.l(printfa.o)
    0x0800632c   0x0800632c   0x00000028   Code   RO         5306    i.__0sprintf        mc_p.l(printfa.o)
    0x08006354   0x08006354   0x0000002e   Code   RO         5429    i.__ARM_clz         mf_p.l(depilogue.o)
    0x08006382   0x08006382   0x0000001a   Code   RO         3195    i.__ARM_common_switch8  stm32l0xx_hal_dma.o
    0x0800639c   0x0800639c   0x00000008   Code   RO         5415    i.__aeabi_errno_addr  mc_p.l(errno.o)
    0x080063a4   0x080063a4   0x0000000e   Code   RO         5443    i.__scatterload_copy  mc_p.l(handlers.o)
    0x080063b2   0x080063b2   0x00000002   Code   RO         5444    i.__scatterload_null  mc_p.l(handlers.o)
    0x080063b4   0x080063b4   0x0000000e   Code   RO         5445    i.__scatterload_zeroinit  mc_p.l(handlers.o)
    0x080063c2   0x080063c2   0x00000002   PAD
    0x080063c4   0x080063c4   0x00000174   Code   RO         5311    i._fp_digits        mc_p.l(printfa.o)
    0x08006538   0x08006538   0x000006ec   Code   RO         5312    i._printf_core      mc_p.l(printfa.o)
    0x08006c24   0x08006c24   0x00000020   Code   RO         5313    i._printf_post_padding  mc_p.l(printfa.o)
    0x08006c44   0x08006c44   0x0000002c   Code   RO         5314    i._printf_pre_padding  mc_p.l(printfa.o)
    0x08006c70   0x08006c70   0x0000000a   Code   RO         5316    i._sputc            mc_p.l(printfa.o)
    0x08006c7a   0x08006c7a   0x0000001c   Code   RO         1588    i.ackMsg            coap_msgback.o
    0x08006c96   0x08006c96   0x00000002   PAD
    0x08006c98   0x08006c98   0x0000004c   Code   RO          806    i.at_5vt_get        at.o
    0x08006ce4   0x08006ce4   0x000000ac   Code   RO          807    i.at_5vt_set        at.o
    0x08006d90   0x08006d90   0x000000bc   Code   RO          808    i.at_cfg_run        at.o
    0x08006e4c   0x08006e4c   0x00000010   Code   RO          809    i.at_fdr_run        at.o
    0x08006e5c   0x08006e5c   0x0000005c   Code   RO          810    i.at_inmod_get      at.o
    0x08006eb8   0x08006eb8   0x000000b8   Code   RO          811    i.at_inmod_set      at.o
    0x08006f70   0x08006f70   0x00000064   Code   RO          812    i.at_mod_get        at.o
    0x08006fd4   0x08006fd4   0x000002fc   Code   RO          813    i.at_mod_set        at.o
    0x080072d0   0x080072d0   0x0000006c   Code   RO          814    i.at_pword_get      at.o
    0x0800733c   0x0800733c   0x000000d8   Code   RO          815    i.at_pword_set      at.o
    0x08007414   0x08007414   0x000000a0   Code   RO          816    i.at_que            at.o
    0x080074b4   0x080074b4   0x00000004   Code   RO          817    i.at_reset_run      at.o
    0x080074b8   0x080074b8   0x00000004   Code   RO          818    i.at_return_error   at.o
    0x080074bc   0x080074bc   0x0000005c   Code   RO          819    i.at_servaddr_get   at.o
    0x08007518   0x08007518   0x000000bc   Code   RO          820    i.at_servaddr_set   at.o
    0x080075d4   0x080075d4   0x00000070   Code   RO          821    i.at_tdc_get        at.o
    0x08007644   0x08007644   0x00000044   Code   RO          822    i.at_tdc_set        at.o
    0x08007688   0x08007688   0x00000054   Code   RO          823    i.at_uri_get        at.o
    0x080076dc   0x080076dc   0x000000bc   Code   RO          824    i.at_uri_set        at.o
    0x08007798   0x08007798   0x00000094   Code   RO          825    i.at_weight_GapValue_get  at.o
    0x0800782c   0x0800782c   0x000000c4   Code   RO          826    i.at_weight_GapValue_set  at.o
    0x080078f0   0x080078f0   0x0000006c   Code   RO          827    i.at_weight_get     at.o
    0x0800795c   0x0800795c   0x00000016   Code   RO          828    i.at_weight_reset   at.o
    0x08007972   0x08007972   0x00000002   PAD
    0x08007974   0x08007974   0x0000031c   Code   RO         1321    i.dataSendGet       serverdatasend.o
    0x08007c90   0x08007c90   0x0000033c   Code   RO         1322    i.dataSendPut       serverdatasend.o
    0x08007fcc   0x08007fcc   0x00000050   Code   RO         1538    i.dataTransmission  nbiot_portsend.o
    0x0800801c   0x0800801c   0x00000080   Code   RO         1011    i.devInformation    common.o
    0x0800809c   0x0800809c   0x00000280   Code   RO         1289    i.feedBackSub       serverdataprocessing.o
    0x0800831c   0x0800831c   0x00000030   Code   RO         1184    i.flashErase        flash.o
    0x0800834c   0x0800834c   0x00000010   Code   RO         1185    i.flashRead         flash.o
    0x0800835c   0x0800835c   0x000000b8   Code   RO         1186    i.flashWrite        flash.o
    0x08008414   0x08008414   0x00000024   Code   RO         1247    i.fputc             print.o
    0x08008438   0x08008438   0x00000054   Code   RO         5332    i.free              mc_p.l(malloc.o)
    0x0800848c   0x0800848c   0x00000028   Code   RO          978    i.getVoltage        battery.o
    0x080084b4   0x080084b4   0x0000005a   Code   RO         1290    i.hexToint          serverdataprocessing.o
    0x0800850e   0x0800850e   0x00000002   PAD
    0x08008510   0x08008510   0x000001cc   Code   RO         1012    i.i2cDetection      common.o
    0x080086dc   0x080086dc   0x0000008c   Code   RO         1013    i.ledState          common.o
    0x08008768   0x08008768   0x000001c0   Code   RO         1014    i.lowPower          common.o
    0x08008928   0x08008928   0x00000188   Code   RO           21    i.main              main.o
    0x08008ab0   0x08008ab0   0x0000006c   Code   RO         5333    i.malloc            mc_p.l(malloc.o)
    0x08008b1c   0x08008b1c   0x000004e0   Code   RO         1539    i.nbiotInit         nbiot_portsend.o
    0x08008ffc   0x08008ffc   0x00000568   Code   RO         1015    i.payLoadDeal       common.o
    0x08009564   0x08009564   0x00000054   Code   RO         1016    i.powerState        common.o
    0x080095b8   0x080095b8   0x000001b8   Code   RO         1611    i.putMsg            coap_put.o
    0x08009770   0x08009770   0x00000078   Code   RO         1507    i.receiveNBIOT      nbiot_dataintercept.o
    0x080097e8   0x080097e8   0x0000003a   Code   RO         1291    i.rtrim             serverdataprocessing.o
    0x08009822   0x08009822   0x00000002   PAD
    0x08009824   0x08009824   0x000002b4   Code   RO         1360    i.sht20Data         sht20.o
    0x08009ad8   0x08009ad8   0x00000008   Code   RO         1361    i.sht20Init         sht20.o
    0x08009ae0   0x08009ae0   0x00000244   Code   RO         1391    i.sht31Data         sht31.o
    0x08009d24   0x08009d24   0x0000002c   Code   RO         1392    i.sht31Init         sht31.o
    0x08009d50   0x08009d50   0x000000ec   Code   RO         1323    i.sockClosd         serverdatasend.o
    0x08009e3c   0x08009e3c   0x000002cc   Code   RO         1324    i.sockCreat         serverdatasend.o
    0x0800a108   0x0800a108   0x0000004c   Code   RO         1508    i.strTohex          nbiot_dataintercept.o
    0x0800a154   0x0800a154   0x00000058   Code   RO         1221    i.waitbusy          lidar.o
    0x0800a1ac   0x0800a1ac   0x000001f4   Code   RO         1017    i.workModel         common.o
    0x0800a3a0   0x0800a3a0   0x00000018   Data   RO           22    .constdata          main.o
    0x0800a3b8   0x0800a3b8   0x00000138   Data   RO          829    .constdata          at.o
    0x0800a4f0   0x0800a4f0   0x00000018   Data   RO         1540    .constdata          nbiot_portsend.o
    0x0800a508   0x0800a508   0x00000008   Data   RO         1568    .constdata          coap_get.o
    0x0800a510   0x0800a510   0x00000008   Data   RO         1612    .constdata          coap_put.o
    0x0800a518   0x0800a518   0x00000019   Data   RO         4980    .constdata          system_stm32l0xx.o
    0x0800a531   0x0800a531   0x00000008   Data   RO         4981    .constdata          system_stm32l0xx.o
    0x0800a539   0x0800a539   0x00000081   Data   RO         5020    .constdata          mc_p.l(ctype_o.o)
    0x0800a5ba   0x0800a5ba   0x00000002   PAD
    0x0800a5bc   0x0800a5bc   0x00000004   Data   RO         5021    .constdata          mc_p.l(ctype_o.o)
    0x0800a5c0   0x0800a5c0   0x00000067   Data   RO           23    .conststring        main.o
    0x0800a627   0x0800a627   0x00000001   PAD
    0x0800a628   0x0800a628   0x0000035d   Data   RO          830    .conststring        at.o
    0x0800a985   0x0800a985   0x00000003   PAD
    0x0800a988   0x0800a988   0x0000005d   Data   RO         1019    .conststring        common.o
    0x0800a9e5   0x0800a9e5   0x00000003   PAD
    0x0800a9e8   0x0800a9e8   0x00000065   Data   RO         1541    .conststring        nbiot_portsend.o
    0x0800aa4d   0x0800aa4d   0x00000003   PAD
    0x0800aa50   0x0800aa50   0x00000020   Data   RO         5441    Region$$Table       anon$$obj.o


    Execution Region RW_IRAM1 (Exec base: 0x20000000, Load base: 0x0800aa70, Size: 0x00000b10, Max: 0x00005000, ABSOLUTE)

    Exec Addr    Load Addr    Size         Type   Attr      Idx    E Section Name        Object

    0x20000000   0x0800aa70   0x00000001   Data   RW          831    .data               at.o
    0x20000001   0x0800aa71   0x00000003   PAD
    0x20000004   0x0800aa74   0x00000064   Data   RW         1020    .data               common.o
    0x20000068   0x0800aad8   0x00000008   Data   RW         1188    .data               flash.o
    0x20000070   0x0800aae0   0x0000000c   Data   RW         1459    .data               weight.o
    0x2000007c   0x0800aaec   0x00000004   Data   RW         1897    .data               stm32l0xx_hal.o
    0x20000080   0x0800aaf0   0x00000004   Data   RW         4982    .data               system_stm32l0xx.o
    0x20000084   0x0800aaf4   0x00000004   Data   RW         5406    .data               mc_p.l(stdout.o)
    0x20000088   0x0800aaf8   0x00000004   Data   RW         5413    .data               mc_p.l(mvars.o)
    0x2000008c   0x0800aafc   0x00000004   Data   RW         5414    .data               mc_p.l(mvars.o)
    0x20000090   0x0800ab00   0x00000004   Data   RW         5418    .data               mc_p.l(errno.o)
    0x20000094        -       0x0000005c   Zero   RW          434    .bss                adc.o
    0x200000f0        -       0x0000004c   Zero   RW          495    .bss                i2c.o
    0x2000013c        -       0x00000010   Zero   RW          531    .bss                iwdg.o
    0x2000014c        -       0x00000190   Zero   RW          560    .bss                usart.o
    0x200002dc        -       0x00000024   Zero   RW          603    .bss                rtc.o
    0x20000300        -       0x000000b4   Zero   RW          643    .bss                tim.o
    0x200003b4        -       0x00000138   Zero   RW         1018    .bss                common.o
    0x200004ec        -       0x0000000c   Zero   RW         1187    .bss                flash.o
    0x200004f8        -       0x00000018   Zero   RW         2854    .bss                stm32l0xx_hal_flash.o
    0x20000510        -       0x00000200   Zero   RW            2    HEAP                startup_stm32l072xx.o
    0x20000710        -       0x00000400   Zero   RW            1    STACK               startup_stm32l072xx.o


==============================================================================

Image component sizes


      Code (inc. data)   RO Data    RW Data    ZI Data      Debug   Object Name

       260         30          0          0         92       1555   adc.o
      3746       1102       1173          1          0      25687   at.o
       172         34          0          0          0       1141   battery.o
       416         28          8          0          0       1217   coap_get.o
        28          0          0          0          0       1397   coap_msgback.o
       440         22          8          0          0       1353   coap_put.o
      4872        984         93        100        312      13841   common.o
        40          4          0          0          0        670   dma.o
      1458        130          0          0          0       7167   ds18b20.o
       248         92          0          8         12       2461   flash.o
       200         28          0          0          0     425875   gpio.o
       180         26          0          0         76       1469   i2c.o
        44         12          0          0         16        607   iwdg.o
       520        152          0          0          0       1551   lidar.o
      2048        532        127          0          0     426771   main.o
       196          0          0          0          0       1674   nbiot_dataintercept.o
      1328        482        125          0          0       2203   nbiot_portsend.o
        36         10          0          0          0       1696   print.o
       172         16          0          0         36       1415   rtc.o
       788        138          0          0          0       2697   serverdataprocessing.o
      2576        726          0          0          0       4748   serverdatasend.o
       728        158          0          0          0       2432   sht20.o
       652        158          0          0          0       2264   sht31.o
        28          8        192          0       1536        608   startup_stm32l072xx.o
       176         28          0          4          0       4522   stm32l0xx_hal.o
      1030         36          0          0          0       5778   stm32l0xx_hal_adc.o
       170          0          0          0          0       1398   stm32l0xx_hal_adc_ex.o
       144         24          0          0          0      10525   stm32l0xx_hal_cortex.o
       562         12          0          0          0       4242   stm32l0xx_hal_dma.o
       436         54          0          0         24       5226   stm32l0xx_hal_flash.o
       164         24          0          0          0       2709   stm32l0xx_hal_flash_ex.o
       434         38          0          0          0       3466   stm32l0xx_hal_gpio.o
      2140         62          0          0          0      14744   stm32l0xx_hal_i2c.o
       146          0          0          0          0       1831   stm32l0xx_hal_i2c_ex.o
       116         20          0          0          0       1643   stm32l0xx_hal_iwdg.o
        24          4          0          0          0        406   stm32l0xx_hal_msp.o
        68         12          0          0          0       1095   stm32l0xx_hal_pwr.o
        32          8          0          0          0        993   stm32l0xx_hal_pwr_ex.o
      1722         94          0          0          0       5536   stm32l0xx_hal_rcc.o
       396         14          0          0          0       1440   stm32l0xx_hal_rcc_ex.o
      1604         36          0          0          0       9698   stm32l0xx_hal_rtc.o
       844         18          0          0          0       9397   stm32l0xx_hal_tim.o
        60          0          0          0          0       1152   stm32l0xx_hal_tim_ex.o
      2600        132          0          0          0      17098   stm32l0xx_hal_uart.o
         2          0          0          0          0        940   stm32l0xx_hal_uart_ex.o
       142         38          0          0          0       5425   stm32l0xx_it.o
        84         18         33          4          0       1139   system_stm32l0xx.o
       388         50          0          0        180       2636   tim.o
       648        162          0          0          0       2456   ultrasound.o
       388         42          0          0        400       2246   usart.o
       436         48          0         12          0       3899   weight.o

    ----------------------------------------------------------------------
     36164       5846       1801        132       2684    1054139   Object Totals
         0          0         32          0          0          0   (incl. Generated)
        32          0         10          3          0          0   (incl. Padding)

    ----------------------------------------------------------------------

      Code (inc. data)   RO Data    RW Data    ZI Data      Debug   Library Member Name

        30          0          0          0          0         60   _chval.o
       166          0          0          0          0         84   _strtoul.o
        26          0          0          0          0         72   atoi.o
         8          4        133          0          0         60   ctype_o.o
         0          0          0          0          0          0   entry.o
         0          0          0          0          0          0   entry10a.o
         0          0          0          0          0          0   entry11a.o
         8          4          0          0          0          0   entry2.o
         4          0          0          0          0          0   entry5.o
         0          0          0          0          0          0   entry7b.o
         0          0          0          0          0          0   entry8b.o
         8          4          0          0          0          0   entry9a.o
         8          4          0          4          0         60   errno.o
        30          0          0          0          0          0   handlers.o
        40          0          0          0          0         72   idiv.o
        36          8          0          0          0         68   init.o
         0          0          0          0          0          0   iusefp.o
        32          0          0          0          0         68   llshl.o
        38          0          0          0          0         68   llsshr.o
        34          0          0          0          0         68   llushr.o
       192         20          0          0          0        144   malloc.o
        36          0          0          0          0         60   memcpya.o
        36          0          0          0          0        100   memseta.o
         0          0          0          8          0          0   mvars.o
      2302        102          0          0          0        556   printfa.o
         0          0          0          4          0          0   stdout.o
        24          0          0          0          0         60   strcat.o
        20          0          0          0          0         60   strchr.o
        28          0          0          0          0         68   strcmp.o
        14          0          0          0          0         60   strlen.o
        26          0          0          0          0         68   strncpy.o
        32          0          0          0          0         60   strrchr.o
        40          0          0          0          0         72   strstr.o
       112          4          0          0          0         76   strtol.o
        12          0          0          0          0         60   tolower.o
        12          0          0          0          0         60   toupper.o
        44          0          0          0          0         72   uidiv.o
        96          0          0          0          0         84   uldiv.o
        40          2          0          0          0         68   cdrcmple.o
        56          0          0          0          0         68   d2f.o
       356          4          0          0          0        140   dadd.o
       240          6          0          0          0         84   ddiv.o
       236          0          0          0          0        216   depilogue.o
        64         10          0          0          0         68   dfixul.o
        40          6          0          0          0         68   dflti.o
        28          4          0          0          0         68   dfltui.o
       208          6          0          0          0         88   dmul.o
        44          0          0          0          0         72   dscalb.o
        40          0          0          0          0         60   f2d.o
       178          0          0          0          0        108   fadd.o
       124          0          0          0          0         72   fdiv.o
       130          0          0          0          0        144   fepilogue.o
        50          0          0          0          0         60   ffixi.o
        40          0          0          0          0         60   ffixui.o
        22          0          0          0          0         68   fflti.o
        14          0          0          0          0         68   ffltui.o
       122          0          0          0          0         72   fmul.o

    ----------------------------------------------------------------------
      5532        188        135         16          0       3992   Library Totals
         6          0          2          0          0          0   (incl. Padding)

    ----------------------------------------------------------------------

      Code (inc. data)   RO Data    RW Data    ZI Data      Debug   Library Name

      3494        150        133         16          0       2340   mc_p.l
      2032         38          0          0          0       1652   mf_p.l

    ----------------------------------------------------------------------
      5532        188        135         16          0       3992   Library Totals

    ----------------------------------------------------------------------

==============================================================================


      Code (inc. data)   RO Data    RW Data    ZI Data      Debug   

     41696       6034       1936        148       2684    1045559   Grand Totals
     41696       6034       1936        148       2684    1045559   ELF Image Totals
     41696       6034       1936        148          0          0   ROM Totals

==============================================================================

    Total RO  Size (Code + RO Data)                43632 (  42.61kB)
    Total RW  Size (RW Data + ZI Data)              2832 (   2.77kB)
    Total ROM Size (Code + RO Data + RW Data)      43780 (  42.75kB)

==============================================================================

